Iposi.exe: 00004200: 00:05:43 [Exit]:Unexpected attempt to terminate server application with Exit Code: 0
Iposi.exe: 0000334C: 14:16:16 []:>--------------------------------------------------------------<
Iposi.exe: 0000334C: 14:16:16 [TUniServerModule]:Server First Init.
Iposi.exe: 0000334C: 14:16:16 [TUniServerModule]:Start Path = C:\yusag\PROJECTS\iposi\Win32\Debug\
Iposi.exe: 0000334C: 14:16:16 [TUniServerModule]:Starting HTTP Server on Port: 8077...
Iposi.exe: 0000334C: 14:16:16 [TUniServerModule]:HTTP Server Started on Port: 8077
Iposi.exe: 0000334C: 14:17:41 [TUniServerModule]:Shutting Down Server.
Iposi.exe: 0000334C: 14:17:41 [TUniServerModule]:Stopping HTTP Server.
Iposi.exe: 0000334C: 14:17:42 [TUniServerModule]:HTTP Server Stopped.
Iposi.exe: 0000334C: 14:17:42 [TUniGUISessionManager]:Terminating Session manager.
Iposi.exe: 0000334C: 14:17:42 [TUniGUISessionManager]:Stopping Cache Eraser...
Iposi.exe: 0000334C: 14:17:42 [TUniGUISessionManager]:Cache Eraser Stopped.
Iposi.exe: 0000334C: 14:17:42 [TUniGUISessionManager]:Destroying Worker Threads.
Iposi.exe: 0000334C: 14:17:42 [TUniGUISessionManager]:Session manager terminated.
Iposi.exe: 0000334C: 14:17:42 [TUniWebSocketStack]:Terminating...
Iposi.exe: 0000334C: 14:17:42 [TUniGUIMessageQ]:Terminated.
Iposi.exe: 0000334C: 14:17:42 [TUniWebSocketStack]:Terminated.
Iposi.exe: 0000334C: 14:17:42 [TUniServerModule]:Server Shutdown Completed.
Iposi.exe: 0000334C: 14:17:42 []:<-------------------------------------------------------------->
Iposi.exe: 00000674: 14:17:44 []:>--------------------------------------------------------------<
Iposi.exe: 00000674: 14:17:44 [TUniServerModule]:Server First Init.
Iposi.exe: 00000674: 14:17:44 [TUniServerModule]:Start Path = C:\yusag\PROJECTS\iposi\Win32\Debug\
Iposi.exe: 00000674: 14:17:44 [TUniGUISessionManager]:Cache erase job created, Folder count: [1]
Iposi.exe: 00000674: 14:17:44 [TUniServerModule]:Starting HTTP Server on Port: 8077...
Iposi.exe: 00000674: 14:17:44 [TUniServerModule]:HTTP Server Started on Port: 8077
Iposi.exe: 00001D0C: 14:17:46 [127.0.0.1]:EUniSessionException : Invalid session or session Timeout. (Session not found: Vut58hav8I113A2202C ) : Addr: $00D35937
Iposi.exe: 00000674: 14:22:13 [TUniServerModule]:Shutting Down Server.
Iposi.exe: 00000674: 14:22:13 [TUniServerModule]:Stopping HTTP Server.
Iposi.exe: 00000674: 14:22:14 [TUniServerModule]:HTTP Server Stopped.
Iposi.exe: 00000674: 14:22:14 [TUniGUISessionManager]:Terminating Session manager.
Iposi.exe: 00000674: 14:22:14 [TUniGUISessionManager]:Stopping Cache Eraser...
Iposi.exe: 00000674: 14:22:14 [TUniGUISessionManager]:Cache Eraser Stopped.
Iposi.exe: 00000674: 14:22:14 [TUniGUISessionManager]:Destroying Worker Threads.
Iposi.exe: 00000674: 14:22:14 [TUniGUISessionManager]:Session manager terminated.
Iposi.exe: 00000674: 14:22:14 [TUniWebSocketStack]:Terminating...
Iposi.exe: 00000674: 14:22:14 [TUniGUIMessageQ]:Terminated.
Iposi.exe: 00000674: 14:22:14 [TUniWebSocketStack]:Terminated.
Iposi.exe: 00000674: 14:22:14 [TUniServerModule]:Server Shutdown Completed.
Iposi.exe: 00000674: 14:22:14 []:<-------------------------------------------------------------->
Iposi.exe: 00003528: 14:22:15 []:>--------------------------------------------------------------<
Iposi.exe: 00003528: 14:22:15 [TUniServerModule]:Server First Init.
Iposi.exe: 00003528: 14:22:15 [TUniServerModule]:Start Path = C:\yusag\PROJECTS\iposi\Win32\Debug\
Iposi.exe: 00003528: 14:22:15 [TUniGUISessionManager]:Cache erase job created, Folder count: [1]
Iposi.exe: 00003528: 14:22:15 [TUniServerModule]:Starting HTTP Server on Port: 8077...
Iposi.exe: 00003528: 14:22:15 [TUniServerModule]:HTTP Server Started on Port: 8077
Iposi.exe: 000065D8: 14:22:18 [127.0.0.1]:EUniSessionException : Invalid session or session Timeout. (Session not found: 5CApXiQswe113A22090 ) : Addr: $011A5937
Iposi.exe: 000065D8: 14:22:19 [127.0.0.1]:EDatabaseError : TokenTable: Field 'id' not found : Addr: $00FD24DA
Iposi.exe: 00003528: 14:22:37 [TUniServerModule]:Shutting Down Server.
Iposi.exe: 00003528: 14:22:37 [TUniServerModule]:Stopping HTTP Server.
Iposi.exe: 00003528: 14:22:38 [TUniServerModule]:HTTP Server Stopped.
Iposi.exe: 00003528: 14:22:38 [TUniGUISessionManager]:Terminating Session manager.
Iposi.exe: 00003528: 14:22:38 [TUniGUISessionManager]:Stopping Cache Eraser...
Iposi.exe: 00003528: 14:22:38 [TUniGUISessionManager]:Cache Eraser Stopped.
Iposi.exe: 00003528: 14:22:38 [TUniGUISessionManager]:Destroying Worker Threads.
Iposi.exe: 00003528: 14:22:38 [TUniGUISessionManager]:Session manager terminated.
Iposi.exe: 00003528: 14:22:38 [TUniWebSocketStack]:Terminating...
Iposi.exe: 00003528: 14:22:38 [TUniGUIMessageQ]:Terminated.
Iposi.exe: 00003528: 14:22:38 [TUniWebSocketStack]:Terminated.
Iposi.exe: 00003528: 14:22:38 [TUniServerModule]:Server Shutdown Completed.
Iposi.exe: 00003528: 14:22:38 []:<-------------------------------------------------------------->
Iposi.exe: 00005090: 14:22:40 []:>--------------------------------------------------------------<
Iposi.exe: 00005090: 14:22:40 [TUniServerModule]:Server First Init.
Iposi.exe: 00005090: 14:22:40 [TUniServerModule]:Start Path = C:\yusag\PROJECTS\iposi\Win32\Debug\
Iposi.exe: 00005090: 14:22:40 [TUniGUISessionManager]:Cache erase job created, Folder count: [1]
Iposi.exe: 00005090: 14:22:40 [TUniServerModule]:Starting HTTP Server on Port: 8077...
Iposi.exe: 00005090: 14:22:40 [TUniServerModule]:HTTP Server Started on Port: 8077
Iposi.exe: 000061C8: 14:22:41 [HandleFileRequest[127.0.0.1]]:File not found: C:\yusag\PROJECTS\iposi\Win32\Debug\cache\iposi_exe\VDNiiKdnRg113A221CA\favicon.ico
Iposi.exe: 00003474: 14:22:41 [127.0.0.1]:EUniSessionException : Invalid session or session Timeout. (Session not found: VDNiiKdnRg113A221CA ) : Addr: $013E5937
Iposi.exe: 00006614: 14:22:41 [127.0.0.1]:EUniSessionException : Invalid session or session Timeout. (Session not found: VDNiiKdnRg113A221CA ) : Addr: $013E5937
Iposi.exe: 00005090: 14:31:45 [TUniServerModule]:Shutting Down Server.
Iposi.exe: 00005090: 14:31:45 [TUniServerModule]:Stopping HTTP Server.
Iposi.exe: 00005090: 14:31:46 [TUniServerModule]:HTTP Server Stopped.
Iposi.exe: 00005090: 14:31:46 [TUniGUISessionManager]:Terminating Session manager.
Iposi.exe: 00005090: 14:31:46 [TUniGUISessionManager]:Stopping Cache Eraser...
Iposi.exe: 00005090: 14:31:46 [TUniGUISessionManager]:Cache Eraser Stopped.
Iposi.exe: 00005090: 14:31:46 [TUniGUISessionManager]:Destroying Worker Threads.
Iposi.exe: 00005090: 14:31:46 [TUniGUISessionManager]:Session manager terminated.
Iposi.exe: 00005090: 14:31:46 [TUniWebSocketStack]:Terminating...
Iposi.exe: 00005090: 14:31:46 [TUniGUIMessageQ]:Terminated.
Iposi.exe: 00005090: 14:31:46 [TUniWebSocketStack]:Terminated.
Iposi.exe: 00005090: 14:31:46 [TUniServerModule]:Server Shutdown Completed.
Iposi.exe: 00005090: 14:31:46 []:<-------------------------------------------------------------->
Iposi.exe: 00006738: 14:31:48 []:>--------------------------------------------------------------<
Iposi.exe: 00006738: 14:31:48 [TUniServerModule]:Server First Init.
Iposi.exe: 00006738: 14:31:48 [TUniServerModule]:Start Path = C:\yusag\PROJECTS\iposi\Win32\Debug\
Iposi.exe: 00006738: 14:31:48 [TUniGUISessionManager]:Cache erase job created, Folder count: [1]
Iposi.exe: 00006738: 14:31:48 [TUniServerModule]:Starting HTTP Server on Port: 8077...
Iposi.exe: 00006738: 14:31:48 [TUniServerModule]:HTTP Server Started on Port: 8077
Iposi.exe: 00005778: 14:31:50 [127.0.0.1]:EUniSessionException : Invalid session or session Timeout. (Session not found: IHEGJ2qGvK113A222C7 ) : Addr: $006C5937
Iposi.exe: 00006738: 14:39:31 [TUniServerModule]:Shutting Down Server.
Iposi.exe: 00006738: 14:39:31 [TUniServerModule]:Stopping HTTP Server.
Iposi.exe: 00006738: 14:39:32 [TUniServerModule]:HTTP Server Stopped.
Iposi.exe: 00006738: 14:39:32 [TUniGUISessionManager]:Terminating Session manager.
Iposi.exe: 00006738: 14:39:32 [TUniGUISessionManager]:Stopping Cache Eraser...
Iposi.exe: 00006738: 14:39:32 [TUniGUISessionManager]:Cache Eraser Stopped.
Iposi.exe: 00006738: 14:39:32 [TUniGUISessionManager]:Destroying Worker Threads.
Iposi.exe: 00006738: 14:39:32 [TUniGUISessionManager]:Session manager terminated.
Iposi.exe: 00006738: 14:39:32 [TUniWebSocketStack]:Terminating...
Iposi.exe: 00006738: 14:39:32 [TUniGUIMessageQ]:Terminated.
Iposi.exe: 00006738: 14:39:32 [TUniWebSocketStack]:Terminated.
Iposi.exe: 00006738: 14:39:32 [TUniServerModule]:Server Shutdown Completed.
Iposi.exe: 00006738: 14:39:32 []:<-------------------------------------------------------------->
Iposi.exe: 00000DB4: 14:39:34 []:>--------------------------------------------------------------<
Iposi.exe: 00000DB4: 14:39:34 [TUniServerModule]:Server First Init.
Iposi.exe: 00000DB4: 14:39:34 [TUniServerModule]:Start Path = C:\yusag\PROJECTS\iposi\Win32\Debug\
Iposi.exe: 00000DB4: 14:39:34 [TUniGUISessionManager]:Cache erase job created, Folder count: [1]
Iposi.exe: 00000DB4: 14:39:34 [TUniServerModule]:Starting HTTP Server on Port: 8077...
Iposi.exe: 00000DB4: 14:39:34 [TUniServerModule]:HTTP Server Started on Port: 8077
Iposi.exe: 0000173C: 14:39:36 [127.0.0.1]:EUniSessionException : Invalid session or session Timeout. (Session not found: holfWH6OBZ113A22533 ) : Addr: $00B55937
Iposi.exe: 000004A0: 14:46:34 [HandleFileRequest[127.0.0.1]]:File not found: C:\yusag\PROJECTS\iposi\Win32\Debug\.well-known\appspecific\com.chrome.devtools.json
Iposi.exe: 00000DB4: 14:52:15 [TUniServerModule]:Shutting Down Server.
Iposi.exe: 00000DB4: 14:52:15 [TUniServerModule]:Stopping HTTP Server.
Iposi.exe: 00000DB4: 14:52:16 [TUniServerModule]:HTTP Server Stopped.
Iposi.exe: 00000DB4: 14:52:16 [TUniGUISessionManager]:Terminating Session manager.
Iposi.exe: 00000DB4: 14:52:16 [TUniGUISessionManager]:Stopping Cache Eraser...
Iposi.exe: 00000DB4: 14:52:16 [TUniGUISessionManager]:Cache Eraser Stopped.
Iposi.exe: 00000DB4: 14:52:16 [TUniGUISessionManager]:Destroying Worker Threads.
Iposi.exe: 00000DB4: 14:52:16 [TUniGUISessionManager]:Session manager terminated.
Iposi.exe: 00000DB4: 14:52:16 [TUniWebSocketStack]:Terminating...
Iposi.exe: 00000DB4: 14:52:16 [TUniGUIMessageQ]:Terminated.
Iposi.exe: 00000DB4: 14:52:16 [TUniWebSocketStack]:Terminated.
Iposi.exe: 00000DB4: 14:52:16 [TUniServerModule]:Server Shutdown Completed.
Iposi.exe: 00000DB4: 14:52:16 []:<-------------------------------------------------------------->
Iposi.exe: 00005DBC: 14:52:18 []:>--------------------------------------------------------------<
Iposi.exe: 00005DBC: 14:52:18 [TUniServerModule]:Server First Init.
Iposi.exe: 00005DBC: 14:52:18 [TUniServerModule]:Start Path = C:\yusag\PROJECTS\iposi\Win32\Debug\
Iposi.exe: 00005DBC: 14:52:18 [TUniGUISessionManager]:Cache erase job created, Folder count: [1]
Iposi.exe: 00005DBC: 14:52:18 [TUniServerModule]:Starting HTTP Server on Port: 8077...
Iposi.exe: 00005DBC: 14:52:18 [TUniServerModule]:HTTP Server Started on Port: 8077
Iposi.exe: 00002980: 14:52:21 [127.0.0.1]:EUniSessionException : Invalid session or session Timeout. (Session not found: 5VQXGtsXVu113A2285C ) : Addr: $006D5937
Iposi.exe: 00002980: 14:56:06 [HandleFileRequest[127.0.0.1]]:File not found: C:\yusag\PROJECTS\iposi\Win32\Debug\.well-known\appspecific\com.chrome.devtools.json
Iposi.exe: 00005DBC: 14:56:39 [TUniServerModule]:Shutting Down Server.
Iposi.exe: 00005DBC: 14:56:39 [TUniServerModule]:Stopping HTTP Server.
Iposi.exe: 00005DBC: 14:56:40 [TUniServerModule]:HTTP Server Stopped.
Iposi.exe: 00005DBC: 14:56:40 [TUniGUISessionManager]:Terminating Session manager.
Iposi.exe: 00005DBC: 14:56:40 [TUniGUISessionManager]:Stopping Cache Eraser...
Iposi.exe: 00005DBC: 14:56:40 [TUniGUISessionManager]:Cache Eraser Stopped.
Iposi.exe: 00005DBC: 14:56:40 [TUniGUISessionManager]:Destroying Worker Threads.
Iposi.exe: 00005DBC: 14:56:40 [TUniGUISessionManager]:Session manager terminated.
Iposi.exe: 00005DBC: 14:56:40 [TUniWebSocketStack]:Terminating...
Iposi.exe: 00005DBC: 14:56:40 [TUniGUIMessageQ]:Terminated.
Iposi.exe: 00005DBC: 14:56:40 [TUniWebSocketStack]:Terminated.
Iposi.exe: 00005DBC: 14:56:40 [TUniServerModule]:Server Shutdown Completed.
Iposi.exe: 00005DBC: 14:56:40 []:<-------------------------------------------------------------->
Iposi.exe: 00004D14: 14:56:42 []:>--------------------------------------------------------------<
Iposi.exe: 00004D14: 14:56:42 [TUniServerModule]:Server First Init.
Iposi.exe: 00004D14: 14:56:42 [TUniServerModule]:Start Path = C:\yusag\PROJECTS\iposi\Win32\Debug\
Iposi.exe: 00004D14: 14:56:42 [TUniGUISessionManager]:Cache erase job created, Folder count: [1]
Iposi.exe: 00004D14: 14:56:42 [TUniServerModule]:Starting HTTP Server on Port: 8077...
Iposi.exe: 00004D14: 14:56:42 [TUniServerModule]:HTTP Server Started on Port: 8077
Iposi.exe: 0000215C: 14:56:44 [127.0.0.1]:EUniSessionException : Invalid session or session Timeout. (Session not found: wHA7vCRT7H113A22A46 ) : Addr: $00425937
Iposi.exe: 00004FC0: 14:56:56 [HandleFileRequest[127.0.0.1]]:File not found: C:\yusag\PROJECTS\iposi\Win32\Debug\.well-known\appspecific\com.chrome.devtools.json
Iposi.exe: 00004D14: 14:59:29 [TUniServerModule]:Shutting Down Server.
Iposi.exe: 00004D14: 14:59:29 [TUniServerModule]:Stopping HTTP Server.
Iposi.exe: 00004D14: 14:59:30 [TUniServerModule]:HTTP Server Stopped.
Iposi.exe: 00004D14: 14:59:30 [TUniGUISessionManager]:Terminating Session manager.
Iposi.exe: 00004D14: 14:59:30 [TUniGUISessionManager]:Stopping Cache Eraser...
Iposi.exe: 00004D14: 14:59:30 [TUniGUISessionManager]:Cache Eraser Stopped.
Iposi.exe: 00004D14: 14:59:30 [TUniGUISessionManager]:Destroying Worker Threads.
Iposi.exe: 00004D14: 14:59:30 [TUniGUISessionManager]:Session manager terminated.
Iposi.exe: 00004D14: 14:59:30 [TUniWebSocketStack]:Terminating...
Iposi.exe: 00004D14: 14:59:30 [TUniGUIMessageQ]:Terminated.
Iposi.exe: 00004D14: 14:59:30 [TUniWebSocketStack]:Terminated.
Iposi.exe: 00004D14: 14:59:30 [TUniServerModule]:Server Shutdown Completed.
Iposi.exe: 00004D14: 14:59:30 []:<-------------------------------------------------------------->
Iposi.exe: 00002EF4: 14:59:31 []:>--------------------------------------------------------------<
Iposi.exe: 00002EF4: 14:59:31 [TUniServerModule]:Server First Init.
Iposi.exe: 00002EF4: 14:59:31 [TUniServerModule]:Start Path = C:\yusag\PROJECTS\iposi\Win32\Debug\
Iposi.exe: 00002EF4: 14:59:31 [TUniGUISessionManager]:Cache erase job created, Folder count: [1]
Iposi.exe: 00002EF4: 14:59:31 [TUniServerModule]:Starting HTTP Server on Port: 8077...
Iposi.exe: 00002EF4: 14:59:31 [TUniServerModule]:HTTP Server Started on Port: 8077
Iposi.exe: 00006124: 14:59:35 [127.0.0.1]:EUniSessionException : Invalid session or session Timeout. (Session not found: C294HpSpkC113A22B21 ) : Addr: $00D45937
Iposi.exe: 00002EF4: 15:04:30 [TUniServerModule]:Shutting Down Server.
Iposi.exe: 00002EF4: 15:04:30 [TUniServerModule]:Stopping HTTP Server.
Iposi.exe: 00002EF4: 15:04:31 [TUniServerModule]:HTTP Server Stopped.
Iposi.exe: 00002EF4: 15:04:31 [TUniGUISessionManager]:Terminating Session manager.
Iposi.exe: 00002EF4: 15:04:31 [TUniGUISessionManager]:Stopping Cache Eraser...
Iposi.exe: 00002EF4: 15:04:31 [TUniGUISessionManager]:Cache Eraser Stopped.
Iposi.exe: 00002EF4: 15:04:31 [TUniGUISessionManager]:Destroying Worker Threads.
Iposi.exe: 00002EF4: 15:04:31 [TUniGUISessionManager]:Session manager terminated.
Iposi.exe: 00002EF4: 15:04:31 [TUniWebSocketStack]:Terminating...
Iposi.exe: 00002EF4: 15:04:31 [TUniGUIMessageQ]:Terminated.
Iposi.exe: 00002EF4: 15:04:31 [TUniWebSocketStack]:Terminated.
Iposi.exe: 00002EF4: 15:04:31 [TUniServerModule]:Server Shutdown Completed.
Iposi.exe: 00002EF4: 15:04:31 []:<-------------------------------------------------------------->
Iposi.exe: 00005CE4: 15:07:08 []:>--------------------------------------------------------------<
Iposi.exe: 00005CE4: 15:07:08 [TUniServerModule]:Server First Init.
Iposi.exe: 00005CE4: 15:07:08 [TUniServerModule]:Start Path = C:\yusag\PROJECTS\iposi\Win32\Debug\
Iposi.exe: 00005CE4: 15:07:08 [TUniGUISessionManager]:Cache erase job created, Folder count: [1]
Iposi.exe: 00005CE4: 15:07:08 [TUniServerModule]:Starting HTTP Server on Port: 8077...
Iposi.exe: 00005CE4: 15:07:08 [TUniServerModule]:HTTP Server Started on Port: 8077
Iposi.exe: 00001C08: 15:07:13 [127.0.0.1]:EUniSessionException : Invalid session or session Timeout. (Session not found: dXV2ds6Wne113A22BE8 ) : Addr: $00DF5937
Iposi.exe: 00005CE4: 15:17:32 [TUniServerModule]:Shutting Down Server.
Iposi.exe: 00005CE4: 15:17:32 [TUniServerModule]:Stopping HTTP Server.
Iposi.exe: 00005CE4: 15:17:33 [TUniServerModule]:HTTP Server Stopped.
Iposi.exe: 00005CE4: 15:17:33 [TUniGUISessionManager]:Terminating Session manager.
Iposi.exe: 00005CE4: 15:17:33 [TUniGUISessionManager]:Stopping Cache Eraser...
Iposi.exe: 00005CE4: 15:17:33 [TUniGUISessionManager]:Cache Eraser Stopped.
Iposi.exe: 00005CE4: 15:17:33 [TUniGUISessionManager]:Destroying Worker Threads.
Iposi.exe: 00005CE4: 15:17:33 [TUniGUISessionManager]:Session manager terminated.
Iposi.exe: 00005CE4: 15:17:33 [TUniWebSocketStack]:Terminating...
Iposi.exe: 00005CE4: 15:17:33 [TUniGUIMessageQ]:Terminated.
Iposi.exe: 00005CE4: 15:17:33 [TUniWebSocketStack]:Terminated.
Iposi.exe: 00005CE4: 15:17:34 [TUniServerModule]:Server Shutdown Completed.
Iposi.exe: 00005CE4: 15:17:34 []:<-------------------------------------------------------------->
Iposi.exe: 000058C0: 15:17:37 []:>--------------------------------------------------------------<
Iposi.exe: 000058C0: 15:17:37 [TUniServerModule]:Server First Init.
Iposi.exe: 000058C0: 15:17:37 [TUniServerModule]:Start Path = C:\yusag\PROJECTS\iposi\Win32\Debug\
Iposi.exe: 000058C0: 15:17:37 [TUniGUISessionManager]:Cache erase job created, Folder count: [1]
Iposi.exe: 000058C0: 15:17:37 [TUniServerModule]:Starting HTTP Server on Port: 8077...
Iposi.exe: 000058C0: 15:17:37 [TUniServerModule]:HTTP Server Started on Port: 8077
Iposi.exe: 00003DF8: 15:17:39 [127.0.0.1]:EUniSessionException : Invalid session or session Timeout. (Session not found: AqpWPY7iXi113A23020 ) : Addr: $01365937
Iposi.exe: 000030CC: 15:18:05 [HandleFileRequest[127.0.0.1]]:File not found: C:\yusag\PROJECTS\iposi\Win32\Debug\.well-known\appspecific\com.chrome.devtools.json
Iposi.exe: 000058C0: 15:26:47 [TUniServerModule]:Shutting Down Server.
Iposi.exe: 000058C0: 15:26:47 [TUniServerModule]:Stopping HTTP Server.
Iposi.exe: 000058C0: 15:26:48 [TUniServerModule]:HTTP Server Stopped.
Iposi.exe: 000058C0: 15:26:48 [TUniGUISessionManager]:Terminating Session manager.
Iposi.exe: 000058C0: 15:26:48 [TUniGUISessionManager]:Stopping Cache Eraser...
Iposi.exe: 000058C0: 15:26:48 [TUniGUISessionManager]:Cache Eraser Stopped.
Iposi.exe: 000058C0: 15:26:49 [TUniGUISessionManager]:Destroying Worker Threads.
Iposi.exe: 000058C0: 15:26:49 [TUniGUISessionManager]:Session manager terminated.
Iposi.exe: 000058C0: 15:26:49 [TUniWebSocketStack]:Terminating...
Iposi.exe: 000058C0: 15:26:49 [TUniGUIMessageQ]:Terminated.
Iposi.exe: 000058C0: 15:26:49 [TUniWebSocketStack]:Terminated.
Iposi.exe: 000058C0: 15:26:49 [TUniServerModule]:Server Shutdown Completed.
Iposi.exe: 000058C0: 15:26:49 []:<-------------------------------------------------------------->
Iposi.exe: 00002F70: 15:26:50 []:>--------------------------------------------------------------<
Iposi.exe: 00002F70: 15:26:50 [TUniServerModule]:Server First Init.
Iposi.exe: 00002F70: 15:26:50 [TUniServerModule]:Start Path = C:\yusag\PROJECTS\iposi\Win32\Debug\
Iposi.exe: 00002F70: 15:26:50 [TUniGUISessionManager]:Cache erase job created, Folder count: [1]
Iposi.exe: 00002F70: 15:26:50 [TUniServerModule]:Starting HTTP Server on Port: 8077...
Iposi.exe: 00002F70: 15:26:50 [TUniServerModule]:HTTP Server Started on Port: 8077
Iposi.exe: 00002990: 15:26:52 [127.0.0.1]:EUniSessionException : Invalid session or session Timeout. (Session not found: dkZYTt9I2L113A23153 ) : Addr: $01075937
