Iposi.exe: 00006F70: 11:37:08 []:>--------------------------------------------------------------<
Iposi.exe: 00006F70: 11:37:08 [TUniServerModule]:Server First Init.
Iposi.exe: 00006F70: 11:37:08 [TUniServerModule]:Start Path = C:\yusag\PROJECTS\iposi\Win32\Debug\
Iposi.exe: 00006F70: 11:37:08 [TUniServerModule]:Starting HTTP Server on Port: 8077...
Iposi.exe: 00006F70: 11:37:08 [TUniServerModule]:HTTP Server Started on Port: 8077
Iposi.exe: 00006F70: 11:43:00 [TUniServerModule]:Shutting Down Server.
Iposi.exe: 00006F70: 11:43:00 [TUniServerModule]:Stopping HTTP Server.
Iposi.exe: 00006F70: 11:43:01 [TUniServerModule]:HTTP Server Stopped.
Iposi.exe: 00006F70: 11:43:01 [TUniGUISessionManager]:Terminating Session manager.
Iposi.exe: 00006F70: 11:43:01 [TUniGUISessionManager]:Stopping Cache Eraser...
Iposi.exe: 00006F70: 11:43:01 [TUniGUISessionManager]:Cache Eraser Stopped.
Iposi.exe: 00006F70: 11:43:01 [TUniGUISessionManager]:Destroying Worker Threads.
Iposi.exe: 00006F70: 11:43:01 [TUniGUISessionManager]:Session manager terminated.
Iposi.exe: 00006F70: 11:43:01 [TUniWebSocketStack]:Terminating...
Iposi.exe: 00006F70: 11:43:01 [TUniGUIMessageQ]:Terminated.
Iposi.exe: 00006F70: 11:43:01 [TUniWebSocketStack]:Terminated.
Iposi.exe: 00006F70: 11:43:01 [TUniServerModule]:Server Shutdown Completed.
Iposi.exe: 00006F70: 11:43:01 []:<-------------------------------------------------------------->
Iposi.exe: 00004CC8: 11:43:04 []:>--------------------------------------------------------------<
Iposi.exe: 00004CC8: 11:43:04 [TUniServerModule]:Server First Init.
Iposi.exe: 00004CC8: 11:43:04 [TUniServerModule]:Start Path = C:\yusag\PROJECTS\iposi\Win32\Debug\
Iposi.exe: 00004CC8: 11:43:04 [TUniGUISessionManager]:Cache erase job created, Folder count: [1]
Iposi.exe: 00004CC8: 11:43:04 [TUniServerModule]:Starting HTTP Server on Port: 8077...
Iposi.exe: 00004CC8: 11:43:04 [TUniServerModule]:HTTP Server Started on Port: 8077
Iposi.exe: 00004058: 11:43:05 [127.0.0.1]:EUniSessionException : Invalid session or session Timeout. (Session not found: 5xhMOYxyHA1139EE7C6 ) : Addr: $00CF76BB
Iposi.exe: 00004CC8: 11:43:35 [TUniServerModule]:Shutting Down Server.
Iposi.exe: 00004CC8: 11:43:35 [TUniServerModule]:Stopping HTTP Server.
Iposi.exe: 00004CC8: 11:43:36 [TUniServerModule]:HTTP Server Stopped.
Iposi.exe: 00004CC8: 11:43:36 [TUniGUISessionManager]:Terminating Session manager.
Iposi.exe: 00004CC8: 11:43:36 [TUniGUISessionManager]:Stopping Cache Eraser...
Iposi.exe: 00004CC8: 11:43:36 [TUniGUISessionManager]:Cache Eraser Stopped.
Iposi.exe: 00004CC8: 11:43:36 [TUniGUISessionManager]:Destroying Worker Threads.
Iposi.exe: 00004CC8: 11:43:36 [TUniGUISessionManager]:Session manager terminated.
Iposi.exe: 00004CC8: 11:43:36 [TUniWebSocketStack]:Terminating...
Iposi.exe: 00004CC8: 11:43:36 [TUniGUIMessageQ]:Terminated.
Iposi.exe: 00004CC8: 11:43:36 [TUniWebSocketStack]:Terminated.
Iposi.exe: 00004CC8: 11:43:36 [TUniServerModule]:Server Shutdown Completed.
Iposi.exe: 00004CC8: 11:43:36 []:<-------------------------------------------------------------->
Iposi.exe: 00006E7C: 11:43:38 []:>--------------------------------------------------------------<
Iposi.exe: 00006E7C: 11:43:38 [TUniServerModule]:Server First Init.
Iposi.exe: 00006E7C: 11:43:38 [TUniServerModule]:Start Path = C:\yusag\PROJECTS\iposi\Win32\Debug\
Iposi.exe: 00006E7C: 11:43:38 [TUniGUISessionManager]:Cache erase job created, Folder count: [1]
Iposi.exe: 00006E7C: 11:43:38 [TUniServerModule]:Starting HTTP Server on Port: 8077...
Iposi.exe: 00006E7C: 11:43:38 [TUniServerModule]:HTTP Server Started on Port: 8077
Iposi.exe: 00000B14: 11:43:39 [127.0.0.1]:EUniSessionException : Invalid session or session Timeout. (Session not found: RvIvRysRua1139EE95A ) : Addr: $007476BB
Iposi.exe: 00006E7C: 11:44:11 [TUniServerModule]:Shutting Down Server.
Iposi.exe: 00006E7C: 11:44:11 [TUniServerModule]:Stopping HTTP Server.
Iposi.exe: 00006E7C: 11:44:12 [TUniServerModule]:HTTP Server Stopped.
Iposi.exe: 00006E7C: 11:44:12 [TUniGUISessionManager]:Terminating Session manager.
Iposi.exe: 00006E7C: 11:44:12 [TUniGUISessionManager]:Stopping Cache Eraser...
Iposi.exe: 00006E7C: 11:44:12 [TUniGUISessionManager]:Cache Eraser Stopped.
Iposi.exe: 00006E7C: 11:44:12 [TUniGUISessionManager]:Destroying Worker Threads.
Iposi.exe: 00006E7C: 11:44:12 [TUniGUISessionManager]:Session manager terminated.
Iposi.exe: 00006E7C: 11:44:12 [TUniWebSocketStack]:Terminating...
Iposi.exe: 00006E7C: 11:44:12 [TUniGUIMessageQ]:Terminated.
Iposi.exe: 00006E7C: 11:44:12 [TUniWebSocketStack]:Terminated.
Iposi.exe: 00006E7C: 11:44:12 [TUniServerModule]:Server Shutdown Completed.
Iposi.exe: 00006E7C: 11:44:12 []:<-------------------------------------------------------------->
Iposi.exe: 00002018: 11:44:13 []:>--------------------------------------------------------------<
Iposi.exe: 00002018: 11:44:13 [TUniServerModule]:Server First Init.
Iposi.exe: 00002018: 11:44:13 [TUniServerModule]:Start Path = C:\yusag\PROJECTS\iposi\Win32\Debug\
Iposi.exe: 00002018: 11:44:13 [TUniGUISessionManager]:Cache erase job created, Folder count: [1]
Iposi.exe: 00002018: 11:44:13 [TUniServerModule]:Starting HTTP Server on Port: 8077...
Iposi.exe: 00002018: 11:44:13 [TUniServerModule]:HTTP Server Started on Port: 8077
Iposi.exe: 0000610C: 11:44:15 [127.0.0.1]:EUniSessionException : Invalid session or session Timeout. (Session not found: zI4chXfE631139EE981 ) : Addr: $00D476BB
Iposi.exe: 00002018: 11:44:51 [TUniServerModule]:Shutting Down Server.
Iposi.exe: 00002018: 11:44:51 [TUniServerModule]:Stopping HTTP Server.
Iposi.exe: 00002018: 11:44:52 [TUniServerModule]:HTTP Server Stopped.
Iposi.exe: 00002018: 11:44:52 [TUniGUISessionManager]:Terminating Session manager.
Iposi.exe: 00002018: 11:44:52 [TUniGUISessionManager]:Stopping Cache Eraser...
Iposi.exe: 00002018: 11:44:52 [TUniGUISessionManager]:Cache Eraser Stopped.
Iposi.exe: 00002018: 11:44:52 [TUniGUISessionManager]:Destroying Worker Threads.
Iposi.exe: 00002018: 11:44:52 [TUniGUISessionManager]:Session manager terminated.
Iposi.exe: 00002018: 11:44:52 [TUniWebSocketStack]:Terminating...
Iposi.exe: 00002018: 11:44:52 [TUniGUIMessageQ]:Terminated.
Iposi.exe: 00002018: 11:44:52 [TUniWebSocketStack]:Terminated.
Iposi.exe: 00002018: 11:44:52 [TUniServerModule]:Server Shutdown Completed.
Iposi.exe: 00002018: 11:44:52 []:<-------------------------------------------------------------->
Iposi.exe: 00003500: 11:44:53 []:>--------------------------------------------------------------<
Iposi.exe: 00003500: 11:44:53 [TUniServerModule]:Server First Init.
Iposi.exe: 00003500: 11:44:53 [TUniServerModule]:Start Path = C:\yusag\PROJECTS\iposi\Win32\Debug\
Iposi.exe: 00003500: 11:44:53 [TUniGUISessionManager]:Cache erase job created, Folder count: [1]
Iposi.exe: 00003500: 11:44:53 [TUniServerModule]:Starting HTTP Server on Port: 8077...
Iposi.exe: 00003500: 11:44:53 [TUniServerModule]:HTTP Server Started on Port: 8077
Iposi.exe: 00001DF8: 11:44:56 [127.0.0.1]:EUniSessionException : Invalid session or session Timeout. (Session not found: RdzBb7R2y21139EE9AB ) : Addr: $005876BB
Iposi.exe: 00003500: 11:52:04 [TUniServerModule]:Shutting Down Server.
Iposi.exe: 00003500: 11:52:04 [TUniServerModule]:Stopping HTTP Server.
Iposi.exe: 00003500: 11:52:05 [TUniServerModule]:HTTP Server Stopped.
Iposi.exe: 00003500: 11:52:05 [TUniGUISessionManager]:Terminating Session manager.
Iposi.exe: 00003500: 11:52:05 [TUniGUISessionManager]:Stopping Cache Eraser...
Iposi.exe: 00003500: 11:52:05 [TUniGUISessionManager]:Cache Eraser Stopped.
Iposi.exe: 00003500: 11:52:05 [TUniGUISessionManager]:Destroying Worker Threads.
Iposi.exe: 00003500: 11:52:05 [TUniGUISessionManager]:Session manager terminated.
Iposi.exe: 00003500: 11:52:05 [TUniWebSocketStack]:Terminating...
Iposi.exe: 00003500: 11:52:05 [TUniGUIMessageQ]:Terminated.
Iposi.exe: 00003500: 11:52:05 [TUniWebSocketStack]:Terminated.
Iposi.exe: 00003500: 11:52:05 [TUniServerModule]:Server Shutdown Completed.
Iposi.exe: 00003500: 11:52:05 []:<-------------------------------------------------------------->
Iposi.exe: 00004D7C: 11:52:10 []:>--------------------------------------------------------------<
Iposi.exe: 00004D7C: 11:52:10 [TUniServerModule]:Server First Init.
Iposi.exe: 00004D7C: 11:52:10 [TUniServerModule]:Start Path = C:\yusag\PROJECTS\iposi\Win32\Debug\
Iposi.exe: 00004D7C: 11:52:10 [TUniGUISessionManager]:Cache erase job created, Folder count: [1]
Iposi.exe: 00004D7C: 11:52:10 [TUniServerModule]:Starting HTTP Server on Port: 8077...
Iposi.exe: 00004D7C: 11:52:10 [TUniServerModule]:HTTP Server Started on Port: 8077
Iposi.exe: 000043E0: 11:52:12 [127.0.0.1]:EUniSessionException : Invalid session or session Timeout. (Session not found: TessdtvFnR1139EEA6D ) : Addr: $008A76BB
Iposi.exe: 00001FD8: 11:53:34 [HandleFileRequest[127.0.0.1]]:File not found: C:\yusag\PROJECTS\iposi\Win32\Debug\.well-known\appspecific\com.chrome.devtools.json
Iposi.exe: 0000133C: 11:54:07 [HandleFileRequest[127.0.0.1]]:File not found: C:\yusag\PROJECTS\iposi\Win32\Debug\.well-known\appspecific\com.chrome.devtools.json
Iposi.exe: 000004D8: 11:55:21 [HandleFileRequest[127.0.0.1]]:File not found: C:\yusag\PROJECTS\iposi\Win32\Debug\.well-known\appspecific\com.chrome.devtools.json
Iposi.exe: 00000B00: 11:55:43 [HandleFileRequest[127.0.0.1]]:File not found: C:\yusag\PROJECTS\iposi\Win32\Debug\.well-known\appspecific\com.chrome.devtools.json
Iposi.exe: 00002574: 11:57:00 [HandleFileRequest[127.0.0.1]]:File not found: C:\yusag\PROJECTS\iposi\Win32\Debug\.well-known\appspecific\com.chrome.devtools.json
Iposi.exe: 00004D7C: 12:08:33 [TUniServerModule]:Shutting Down Server.
Iposi.exe: 00004D7C: 12:08:33 [TUniServerModule]:Stopping HTTP Server.
Iposi.exe: 00004D7C: 12:08:33 [TUniServerModule]:HTTP Server Stopped.
Iposi.exe: 00004D7C: 12:08:33 [TUniGUISessionManager]:Terminating Session manager.
Iposi.exe: 00004D7C: 12:08:33 [TUniGUISessionManager]:Stopping Cache Eraser...
Iposi.exe: 00004D7C: 12:08:33 [TUniGUISessionManager]:Cache Eraser Stopped.
Iposi.exe: 00004D7C: 12:08:33 [TUniGUISessionManager]:Destroying Worker Threads.
Iposi.exe: 00004D7C: 12:08:33 [TUniGUISessionManager]:Session manager terminated.
Iposi.exe: 00004D7C: 12:08:33 [TUniWebSocketStack]:Terminating...
Iposi.exe: 00004D7C: 12:08:33 [TUniGUIMessageQ]:Terminated.
Iposi.exe: 00004D7C: 12:08:33 [TUniWebSocketStack]:Terminated.
Iposi.exe: 00004D7C: 12:08:33 [TUniServerModule]:Server Shutdown Completed.
Iposi.exe: 00004D7C: 12:08:33 []:<-------------------------------------------------------------->
Iposi.exe: 00002EDC: 12:08:35 []:>--------------------------------------------------------------<
Iposi.exe: 00002EDC: 12:08:35 [TUniServerModule]:Server First Init.
Iposi.exe: 00002EDC: 12:08:35 [TUniServerModule]:Start Path = C:\yusag\PROJECTS\iposi\Win32\Debug\
Iposi.exe: 00002EDC: 12:08:35 [TUniServerModule]:Starting HTTP Server on Port: 8077...
Iposi.exe: 00002EDC: 12:08:35 [TUniServerModule]:HTTP Server Started on Port: 8077
Iposi.exe: 00002464: 12:08:36 [127.0.0.1]:EUniSessionException : Invalid session or session Timeout. (Session not found: 78hZZRZ29P1139EED20 ) : Addr: $01139923
Iposi.exe: 00006BC0: 12:08:42 [HandleFileRequest[127.0.0.1]]:File not found: C:\yusag\PROJECTS\iposi\Win32\Debug\.well-known\appspecific\com.chrome.devtools.json
Iposi.exe: 000010C0: 12:09:08 [HandleFileRequest[127.0.0.1]]:File not found: C:\yusag\PROJECTS\iposi\Win32\Debug\.well-known\appspecific\com.chrome.devtools.json
Iposi.exe: 00002464: 12:09:30 [HandleFileRequest[127.0.0.1]]:File not found: C:\yusag\PROJECTS\iposi\Win32\Debug\.well-known\appspecific\com.chrome.devtools.json
Iposi.exe: 00002EDC: 12:53:11 [TUniServerModule]:Shutting Down Server.
Iposi.exe: 00002EDC: 12:53:11 [TUniServerModule]:Stopping HTTP Server.
Iposi.exe: 00002EDC: 12:53:11 [TUniServerModule]:HTTP Server Stopped.
Iposi.exe: 00002EDC: 12:53:11 [TUniGUISessionManager]:Terminating Session manager.
Iposi.exe: 00002EDC: 12:53:11 [TUniGUISessionManager]:Stopping Cache Eraser...
Iposi.exe: 00002EDC: 12:53:11 [TUniGUISessionManager]:Cache Eraser Stopped.
Iposi.exe: 00002EDC: 12:53:11 [TUniGUISessionManager]:Destroying Worker Threads.
Iposi.exe: 00002EDC: 12:53:12 [TUniGUISessionManager]:Session manager terminated.
Iposi.exe: 00002EDC: 12:53:12 [TUniWebSocketStack]:Terminating...
Iposi.exe: 00002EDC: 12:53:12 [TUniGUIMessageQ]:Terminated.
Iposi.exe: 00002EDC: 12:53:12 [TUniWebSocketStack]:Terminated.
Iposi.exe: 00002EDC: 12:53:12 [TUniServerModule]:Server Shutdown Completed.
Iposi.exe: 00002EDC: 12:53:12 []:<-------------------------------------------------------------->
Iposi.exe: 00006D50: 12:53:14 []:>--------------------------------------------------------------<
Iposi.exe: 00006D50: 12:53:14 [TUniServerModule]:Server First Init.
Iposi.exe: 00006D50: 12:53:14 [TUniServerModule]:Start Path = C:\yusag\PROJECTS\iposi\Win32\Debug\
Iposi.exe: 00006D50: 12:53:14 [TUniServerModule]:Starting HTTP Server on Port: 8077...
Iposi.exe: 00006D50: 12:53:14 [TUniServerModule]:HTTP Server Started on Port: 8077
Iposi.exe: 0000673C: 12:53:16 [127.0.0.1]:EUniSessionException : Invalid session or session Timeout. (Session not found: 6iqgohNdWd1139EF046 ) : Addr: $00A39923
Iposi.exe: 00004F24: 12:53:42 [HandleFileRequest[127.0.0.1]]:File not found: C:\yusag\PROJECTS\iposi\Win32\Debug\.well-known\appspecific\com.chrome.devtools.json
Iposi.exe: 00006D50: 12:55:30 [TUniServerModule]:Shutting Down Server.
Iposi.exe: 00006D50: 12:55:30 [TUniServerModule]:Stopping HTTP Server.
Iposi.exe: 00006D50: 12:55:31 [TUniServerModule]:HTTP Server Stopped.
Iposi.exe: 00006D50: 12:55:31 [TUniGUISessionManager]:Terminating Session manager.
Iposi.exe: 00006D50: 12:55:31 [TUniGUISessionManager]:Stopping Cache Eraser...
Iposi.exe: 00006D50: 12:55:31 [TUniGUISessionManager]:Cache Eraser Stopped.
Iposi.exe: 00006D50: 12:55:31 [TUniGUISessionManager]:Destroying Worker Threads.
Iposi.exe: 00006D50: 12:55:31 [TUniGUISessionManager]:Session manager terminated.
Iposi.exe: 00006D50: 12:55:31 [TUniWebSocketStack]:Terminating...
Iposi.exe: 00006D50: 12:55:31 [TUniGUIMessageQ]:Terminated.
Iposi.exe: 00006D50: 12:55:31 [TUniWebSocketStack]:Terminated.
Iposi.exe: 00006D50: 12:55:31 [TUniServerModule]:Server Shutdown Completed.
Iposi.exe: 00006D50: 12:55:31 []:<-------------------------------------------------------------->
Iposi.exe: 00006DC0: 12:55:32 []:>--------------------------------------------------------------<
Iposi.exe: 00006DC0: 12:55:32 [TUniServerModule]:Server First Init.
Iposi.exe: 00006DC0: 12:55:32 [TUniServerModule]:Start Path = C:\yusag\PROJECTS\iposi\Win32\Debug\
Iposi.exe: 00006DC0: 12:55:32 [TUniGUISessionManager]:Cache erase job created, Folder count: [1]
Iposi.exe: 00006DC0: 12:55:32 [TUniServerModule]:Starting HTTP Server on Port: 8077...
Iposi.exe: 00006DC0: 12:55:32 [TUniServerModule]:HTTP Server Started on Port: 8077
Iposi.exe: 000031E0: 12:55:34 [127.0.0.1]:EUniSessionException : Invalid session or session Timeout. (Session not found: IZpBi7Qzjh1139EFC64 ) : Addr: $00BD9923
Iposi.exe: 00006DC0: 12:57:48 [TUniServerModule]:Shutting Down Server.
Iposi.exe: 00006DC0: 12:57:48 [TUniServerModule]:Stopping HTTP Server.
Iposi.exe: 00006DC0: 12:57:49 [TUniServerModule]:HTTP Server Stopped.
Iposi.exe: 00006DC0: 12:57:49 [TUniGUISessionManager]:Terminating Session manager.
Iposi.exe: 00006DC0: 12:57:49 [TUniGUISessionManager]:Stopping Cache Eraser...
Iposi.exe: 00006DC0: 12:57:49 [TUniGUISessionManager]:Cache Eraser Stopped.
Iposi.exe: 00006DC0: 12:57:49 [TUniGUISessionManager]:Destroying Worker Threads.
Iposi.exe: 00006DC0: 12:57:49 [TUniGUISessionManager]:Session manager terminated.
Iposi.exe: 00006DC0: 12:57:49 [TUniWebSocketStack]:Terminating...
Iposi.exe: 00006DC0: 12:57:49 [TUniGUIMessageQ]:Terminated.
Iposi.exe: 00006DC0: 12:57:49 [TUniWebSocketStack]:Terminated.
Iposi.exe: 00006DC0: 12:57:49 [TUniServerModule]:Server Shutdown Completed.
Iposi.exe: 00006DC0: 12:57:49 []:<-------------------------------------------------------------->
Iposi.exe: 0000217C: 12:57:50 []:>--------------------------------------------------------------<
Iposi.exe: 0000217C: 12:57:50 [TUniServerModule]:Server First Init.
Iposi.exe: 0000217C: 12:57:50 [TUniServerModule]:Start Path = C:\yusag\PROJECTS\iposi\Win32\Debug\
Iposi.exe: 0000217C: 12:57:50 [TUniGUISessionManager]:Cache erase job created, Folder count: [1]
Iposi.exe: 0000217C: 12:57:50 [TUniServerModule]:Starting HTTP Server on Port: 8077...
Iposi.exe: 0000217C: 12:57:50 [TUniServerModule]:HTTP Server Started on Port: 8077
Iposi.exe: 000014BC: 12:57:52 [127.0.0.1]:EUniSessionException : Invalid session or session Timeout. (Session not found: AcDr7UEqi41139EFD03 ) : Addr: $00739923
Iposi.exe: 0000217C: 12:58:08 [TUniServerModule]:Shutting Down Server.
Iposi.exe: 0000217C: 12:58:08 [TUniServerModule]:Stopping HTTP Server.
Iposi.exe: 0000217C: 12:58:09 [TUniServerModule]:HTTP Server Stopped.
Iposi.exe: 0000217C: 12:58:09 [TUniGUISessionManager]:Terminating Session manager.
Iposi.exe: 0000217C: 12:58:09 [TUniGUISessionManager]:Stopping Cache Eraser...
Iposi.exe: 0000217C: 12:58:09 [TUniGUISessionManager]:Cache Eraser Stopped.
Iposi.exe: 0000217C: 12:58:09 [TUniGUISessionManager]:Destroying Worker Threads.
Iposi.exe: 0000217C: 12:58:09 [TUniGUISessionManager]:Session manager terminated.
Iposi.exe: 0000217C: 12:58:09 [TUniWebSocketStack]:Terminating...
Iposi.exe: 0000217C: 12:58:09 [TUniGUIMessageQ]:Terminated.
Iposi.exe: 0000217C: 12:58:09 [TUniWebSocketStack]:Terminated.
Iposi.exe: 0000217C: 12:58:09 [TUniServerModule]:Server Shutdown Completed.
Iposi.exe: 0000217C: 12:58:09 []:<-------------------------------------------------------------->
Iposi.exe: 00000B94: 12:58:10 []:>--------------------------------------------------------------<
Iposi.exe: 00000B94: 12:58:10 [TUniServerModule]:Server First Init.
Iposi.exe: 00000B94: 12:58:10 [TUniServerModule]:Start Path = C:\yusag\PROJECTS\iposi\Win32\Debug\
Iposi.exe: 00000B94: 12:58:10 [TUniGUISessionManager]:Cache erase job created, Folder count: [1]
Iposi.exe: 00000B94: 12:58:10 [TUniServerModule]:Starting HTTP Server on Port: 8077...
Iposi.exe: 00000B94: 12:58:10 [TUniServerModule]:HTTP Server Started on Port: 8077
Iposi.exe: 00002464: 12:58:11 [127.0.0.1]:EUniSessionException : Invalid session or session Timeout. (Session not found: QRkw9cGPzX1139EFDA3 ) : Addr: $00FC9923
Iposi.exe: 00000B94: 13:00:10 [TUniServerModule]:Shutting Down Server.
Iposi.exe: 00000B94: 13:00:10 [TUniServerModule]:Stopping HTTP Server.
Iposi.exe: 00000B94: 13:00:11 [TUniServerModule]:HTTP Server Stopped.
Iposi.exe: 00000B94: 13:00:11 [TUniGUISessionManager]:Terminating Session manager.
Iposi.exe: 00000B94: 13:00:11 [TUniGUISessionManager]:Stopping Cache Eraser...
Iposi.exe: 00000B94: 13:00:11 [TUniGUISessionManager]:Cache Eraser Stopped.
Iposi.exe: 00000B94: 13:00:11 [TUniGUISessionManager]:Destroying Worker Threads.
Iposi.exe: 00000B94: 13:00:11 [TUniGUISessionManager]:Session manager terminated.
Iposi.exe: 00000B94: 13:00:11 [TUniWebSocketStack]:Terminating...
Iposi.exe: 00000B94: 13:00:11 [TUniGUIMessageQ]:Terminated.
Iposi.exe: 00000B94: 13:00:11 [TUniWebSocketStack]:Terminated.
Iposi.exe: 00000B94: 13:00:11 [TUniServerModule]:Server Shutdown Completed.
Iposi.exe: 00000B94: 13:00:11 []:<-------------------------------------------------------------->
Iposi.exe: 00006F5C: 13:01:25 []:>--------------------------------------------------------------<
Iposi.exe: 00006F5C: 13:01:25 [TUniServerModule]:Server First Init.
Iposi.exe: 00006F5C: 13:01:25 [TUniServerModule]:Start Path = C:\yusag\PROJECTS\iposi\Win32\Debug\
Iposi.exe: 00006F5C: 13:01:25 [TUniGUISessionManager]:Cache erase job created, Folder count: [1]
Iposi.exe: 00006F5C: 13:01:25 [TUniServerModule]:Starting HTTP Server on Port: 8077...
Iposi.exe: 00006F5C: 13:01:25 [TUniServerModule]:HTTP Server Started on Port: 8077
Iposi.exe: 0000289C: 13:01:27 [127.0.0.1]:EUniSessionException : Invalid session or session Timeout. (Session not found: N4vlEWEJLV1139EFDB9 ) : Addr: $010B9923
Iposi.exe: 0000289C: 13:01:28 [127.0.0.1]:=== VERİTABANI BAĞLANTI HATASI ===
Iposi.exe: 0000289C: 13:01:28 [127.0.0.1]:database is locked
Iposi.exe: 00004A30: 14:05:50 [127.0.0.1]:EUniSessionException : Invalid session or session Timeout. (Session not found: XqoKY9FFbf1139EFE9D ) : Addr: $010B9923
Iposi.exe: 00006F5C: 14:09:47 [TUniServerModule]:Shutting Down Server.
Iposi.exe: 00006F5C: 14:09:47 [TUniServerModule]:Stopping HTTP Server.
Iposi.exe: 00006F5C: 14:09:48 [TUniServerModule]:HTTP Server Stopped.
Iposi.exe: 00006F5C: 14:09:48 [TUniGUISessionManager]:Terminating Session manager.
Iposi.exe: 00006F5C: 14:09:48 [TUniGUISessionManager]:Stopping Cache Eraser...
Iposi.exe: 00006F5C: 14:09:48 [TUniGUISessionManager]:Cache Eraser Stopped.
Iposi.exe: 00006F5C: 14:09:48 [TUniGUISessionManager]:Destroying Worker Threads.
Iposi.exe: 00006F5C: 14:09:48 [TUniGUISessionManager]:Session manager terminated.
Iposi.exe: 00006F5C: 14:09:48 [TUniWebSocketStack]:Terminating...
Iposi.exe: 00006F5C: 14:09:48 [TUniGUIMessageQ]:Terminated.
Iposi.exe: 00006F5C: 14:09:48 [TUniWebSocketStack]:Terminated.
Iposi.exe: 00006F5C: 14:09:48 [TUniServerModule]:Server Shutdown Completed.
Iposi.exe: 00006F5C: 14:09:48 []:<-------------------------------------------------------------->
Iposi.exe: 0000183C: 14:09:49 []:>--------------------------------------------------------------<
Iposi.exe: 0000183C: 14:09:49 [TUniServerModule]:Server First Init.
Iposi.exe: 0000183C: 14:09:49 [TUniServerModule]:Start Path = C:\yusag\PROJECTS\iposi\Win32\Debug\
Iposi.exe: 0000183C: 14:09:49 [TUniGUISessionManager]:Cache erase job created, Folder count: [1]
Iposi.exe: 0000183C: 14:09:49 [TUniServerModule]:Starting HTTP Server on Port: 8077...
Iposi.exe: 0000183C: 14:09:49 [TUniServerModule]:HTTP Server Started on Port: 8077
Iposi.exe: 00006DC0: 14:09:50 [127.0.0.1]:EUniSessionException : Invalid session or session Timeout. (Session not found: 3uSyAeFCbe1139F1015 ) : Addr: $00F89923
Iposi.exe: 0000183C: 14:17:05 [TUniServerModule]:Shutting Down Server.
Iposi.exe: 0000183C: 14:17:05 [TUniServerModule]:Stopping HTTP Server.
Iposi.exe: 0000183C: 14:17:06 [TUniServerModule]:HTTP Server Stopped.
Iposi.exe: 0000183C: 14:17:06 [TUniGUISessionManager]:Terminating Session manager.
Iposi.exe: 0000183C: 14:17:06 [TUniGUISessionManager]:Stopping Cache Eraser...
Iposi.exe: 0000183C: 14:17:06 [TUniGUISessionManager]:Cache Eraser Stopped.
Iposi.exe: 0000183C: 14:17:06 [TUniGUISessionManager]:Destroying Worker Threads.
Iposi.exe: 0000183C: 14:17:06 [TUniGUISessionManager]:Session manager terminated.
Iposi.exe: 0000183C: 14:17:06 [TUniWebSocketStack]:Terminating...
Iposi.exe: 0000183C: 14:17:06 [TUniGUIMessageQ]:Terminated.
Iposi.exe: 0000183C: 14:17:06 [TUniWebSocketStack]:Terminated.
Iposi.exe: 0000183C: 14:17:06 [TUniServerModule]:Server Shutdown Completed.
Iposi.exe: 0000183C: 14:17:06 []:<-------------------------------------------------------------->
Iposi.exe: 000033D4: 14:17:08 []:>--------------------------------------------------------------<
Iposi.exe: 000033D4: 14:17:08 [TUniServerModule]:Server First Init.
Iposi.exe: 000033D4: 14:17:08 [TUniServerModule]:Start Path = C:\yusag\PROJECTS\iposi\Win32\Debug\
Iposi.exe: 000033D4: 14:17:08 [TUniGUISessionManager]:Cache erase job created, Folder count: [1]
Iposi.exe: 000033D4: 14:17:08 [TUniServerModule]:Starting HTTP Server on Port: 8077...
Iposi.exe: 000033D4: 14:17:08 [TUniServerModule]:HTTP Server Started on Port: 8077
Iposi.exe: 00006D14: 14:17:09 [127.0.0.1]:EUniSessionException : Invalid session or session Timeout. (Session not found: Sa6Czoyh3G1139F112F ) : Addr: $005FB18B
Iposi.exe: 000061F0: 14:17:12 [127.0.0.1]:EUniError : database is locked : Addr: $007376E8
Iposi.exe: 00006D14: 14:17:23 [127.0.0.1]:=== VERİTABANI BAĞLANTI HATASI ===
Iposi.exe: 00006D14: 14:17:23 [127.0.0.1]:database is locked
Iposi.exe: 000061F0: 14:17:23 [127.0.0.1]:EUniError : database is locked : Addr: $007376E8
Iposi.exe: 000061F0: 14:17:24 [127.0.0.1]:=== VERİTABANI BAĞLANTI HATASI ===
Iposi.exe: 000061F0: 14:17:24 [127.0.0.1]:database is locked
Iposi.exe: 00006D14: 14:17:25 [127.0.0.1]:EUniError : database is locked : Addr: $007376E8
Iposi.exe: 00002B6C: 14:17:53 [127.0.0.1]:EUniError : database is locked : Addr: $007376E8
Iposi.exe: 00005D30: 14:17:57 [127.0.0.1]:=== VERİTABANI BAĞLANTI HATASI ===
Iposi.exe: 00005D30: 14:17:57 [127.0.0.1]:database is locked
Iposi.exe: 00005D30: 14:18:02 [HandleFileRequest[127.0.0.1]]:File not found: C:\yusag\PROJECTS\iposi\Win32\Debug\.well-known\appspecific\com.chrome.devtools.json
Iposi.exe: 000033D4: 14:18:43 [TUniServerModule]:Shutting Down Server.
Iposi.exe: 000033D4: 14:18:43 [TUniServerModule]:Stopping HTTP Server.
Iposi.exe: 000033D4: 14:18:44 [TUniServerModule]:HTTP Server Stopped.
Iposi.exe: 000033D4: 14:18:44 [TUniGUISessionManager]:Terminating Session manager.
Iposi.exe: 000033D4: 14:18:45 [TUniGUISessionManager]:Stopping Cache Eraser...
Iposi.exe: 000033D4: 14:18:45 [TUniGUISessionManager]:Cache Eraser Stopped.
Iposi.exe: 000033D4: 14:18:45 [TUniGUISessionManager]:Destroying Worker Threads.
Iposi.exe: 000033D4: 14:18:45 [TUniGUISessionManager]:Session manager terminated.
Iposi.exe: 000033D4: 14:18:45 [TUniWebSocketStack]:Terminating...
Iposi.exe: 000033D4: 14:18:45 [TUniGUIMessageQ]:Terminated.
Iposi.exe: 000033D4: 14:18:45 [TUniWebSocketStack]:Terminated.
Iposi.exe: 000033D4: 14:18:45 [TUniServerModule]:Server Shutdown Completed.
Iposi.exe: 000033D4: 14:18:45 []:<-------------------------------------------------------------->
Iposi.exe: 00006A68: 14:18:46 []:>--------------------------------------------------------------<
Iposi.exe: 00006A68: 14:18:46 [TUniServerModule]:Server First Init.
Iposi.exe: 00006A68: 14:18:46 [TUniServerModule]:Start Path = C:\yusag\PROJECTS\iposi\Win32\Debug\
Iposi.exe: 00006A68: 14:18:46 [TUniGUISessionManager]:Cache erase job created, Folder count: [2]
Iposi.exe: 00006A68: 14:18:46 [TUniServerModule]:Starting HTTP Server on Port: 8077...
Iposi.exe: 00006A68: 14:18:46 [TUniServerModule]:HTTP Server Started on Port: 8077
Iposi.exe: 00001184: 14:18:49 [127.0.0.1]:EUniSessionException : Invalid session or session Timeout. (Session not found: nUVIYaeuMU1139F135C ) : Addr: $008EB18B
Iposi.exe: 00001184: 14:18:49 [127.0.0.1]:EUniSessionException : Invalid session or session Timeout. (Session not found: nUVIYaeuMU1139F135C ) : Addr: $008EB18B
Iposi.exe: 0000206C: 14:18:54 [HandleFileRequest[127.0.0.1]]:File not found: C:\yusag\PROJECTS\iposi\Win32\Debug\.well-known\appspecific\com.chrome.devtools.json
Iposi.exe: 00006A68: 14:19:40 [TUniServerModule]:Shutting Down Server.
Iposi.exe: 00006A68: 14:19:40 [TUniServerModule]:Stopping HTTP Server.
Iposi.exe: 00006A68: 14:19:41 [TUniServerModule]:HTTP Server Stopped.
Iposi.exe: 00006A68: 14:19:41 [TUniGUISessionManager]:Terminating Session manager.
Iposi.exe: 00006A68: 14:19:41 [TUniGUISessionManager]:Stopping Cache Eraser...
Iposi.exe: 00006A68: 14:19:41 [TUniGUISessionManager]:Cache Eraser Stopped.
Iposi.exe: 00006A68: 14:19:41 [TUniGUISessionManager]:Destroying Worker Threads.
Iposi.exe: 00006A68: 14:19:41 [TUniGUISessionManager]:Session manager terminated.
Iposi.exe: 00006A68: 14:19:41 [TUniWebSocketStack]:Terminating...
Iposi.exe: 00006A68: 14:19:41 [TUniGUIMessageQ]:Terminated.
Iposi.exe: 00006A68: 14:19:41 [TUniWebSocketStack]:Terminated.
Iposi.exe: 00006A68: 14:19:41 [TUniServerModule]:Server Shutdown Completed.
Iposi.exe: 00006A68: 14:19:41 []:<-------------------------------------------------------------->
Iposi.exe: 000010C0: 14:19:45 []:>--------------------------------------------------------------<
Iposi.exe: 000010C0: 14:19:45 [TUniServerModule]:Server First Init.
Iposi.exe: 000010C0: 14:19:45 [TUniServerModule]:Start Path = C:\yusag\PROJECTS\iposi\Win32\Debug\
Iposi.exe: 000010C0: 14:19:45 [TUniGUISessionManager]:Cache erase job created, Folder count: [1]
Iposi.exe: 000010C0: 14:19:45 [TUniServerModule]:Starting HTTP Server on Port: 8077...
Iposi.exe: 000010C0: 14:19:45 [TUniServerModule]:HTTP Server Started on Port: 8077
Iposi.exe: 000034A4: 14:19:47 [127.0.0.1]:EUniSessionException : Invalid session or session Timeout. (Session not found: 6gAFFgxGm81139F1399 ) : Addr: $00DEB18B
Iposi.exe: 00004420: 14:20:01 [HandleFileRequest[127.0.0.1]]:File not found: C:\yusag\PROJECTS\iposi\Win32\Debug\.well-known\appspecific\com.chrome.devtools.json
Iposi.exe: 000053F8: 14:20:11 [127.0.0.1]:=== VERİTABANI BAĞLANTI HATASI ===
Iposi.exe: 000053F8: 14:20:11 [127.0.0.1]:database is locked
Iposi.exe: 000053F8: 14:20:11 [database is locked-127.0.0.1]:EUniError : database is locked : Addr: $00F276E8
Iposi.exe: 000010C0: 14:22:30 [TUniServerModule]:Shutting Down Server.
Iposi.exe: 000010C0: 14:22:30 [TUniServerModule]:Stopping HTTP Server.
Iposi.exe: 000010C0: 14:22:31 [TUniServerModule]:HTTP Server Stopped.
Iposi.exe: 000010C0: 14:22:31 [TUniGUISessionManager]:Terminating Session manager.
Iposi.exe: 000010C0: 14:22:31 [TUniGUISessionManager]:Stopping Cache Eraser...
Iposi.exe: 000010C0: 14:22:31 [TUniGUISessionManager]:Cache Eraser Stopped.
Iposi.exe: 000010C0: 14:22:31 [TUniGUISessionManager]:Destroying Worker Threads.
Iposi.exe: 000010C0: 14:22:31 [TUniGUISessionManager]:Session manager terminated.
Iposi.exe: 000010C0: 14:22:31 [TUniWebSocketStack]:Terminating...
Iposi.exe: 000010C0: 14:22:31 [TUniGUIMessageQ]:Terminated.
Iposi.exe: 000010C0: 14:22:31 [TUniWebSocketStack]:Terminated.
Iposi.exe: 000010C0: 14:22:31 [TUniServerModule]:Server Shutdown Completed.
Iposi.exe: 000010C0: 14:22:31 []:<-------------------------------------------------------------->
Iposi.exe: 000030E8: 14:23:50 []:>--------------------------------------------------------------<
Iposi.exe: 000030E8: 14:23:50 [TUniServerModule]:Server First Init.
Iposi.exe: 000030E8: 14:23:50 [TUniServerModule]:Start Path = C:\yusag\PROJECTS\iposi\Win32\Debug\
Iposi.exe: 000030E8: 14:23:50 [TUniGUISessionManager]:Cache erase job created, Folder count: [1]
Iposi.exe: 000030E8: 14:23:50 [TUniServerModule]:Starting HTTP Server on Port: 8077...
Iposi.exe: 000030E8: 14:23:50 [TUniServerModule]:HTTP Server Started on Port: 8077
Iposi.exe: 00005278: 14:23:52 [127.0.0.1]:EUniSessionException : Invalid session or session Timeout. (Session not found: RNjVievf8C1139F1400 ) : Addr: $004BB18B
Iposi.exe: 00002A60: 14:23:58 [127.0.0.1]:=== VERİTABANI BAĞLANTI HATASI ===
Iposi.exe: 00002A60: 14:23:58 [127.0.0.1]:database is locked
Iposi.exe: 00002A60: 14:23:58 [database is locked-127.0.0.1]:EUniError : database is locked : Addr: $005F76E8
Iposi.exe: 00002A60: 14:24:14 [127.0.0.1]:EUniError : database is locked : Addr: $005F76E8
Iposi.exe: 00002A60: 14:24:20 [127.0.0.1]:=== VERİTABANI BAĞLANTI HATASI ===
Iposi.exe: 00002A60: 14:24:20 [127.0.0.1]:database is locked
Iposi.exe: 00002A60: 14:24:20 [database is locked-127.0.0.1]:EUniError : database is locked : Addr: $005F76E8
Iposi.exe: 000030E8: 14:25:17 [TUniServerModule]:Shutting Down Server.
Iposi.exe: 000030E8: 14:25:17 [TUniServerModule]:Stopping HTTP Server.
Iposi.exe: 000030E8: 14:25:18 [TUniServerModule]:HTTP Server Stopped.
Iposi.exe: 000030E8: 14:25:18 [TUniGUISessionManager]:Terminating Session manager.
Iposi.exe: 000030E8: 14:25:18 [TUniGUISessionManager]:Stopping Cache Eraser...
Iposi.exe: 000030E8: 14:25:18 [TUniGUISessionManager]:Cache Eraser Stopped.
Iposi.exe: 000030E8: 14:25:18 [TUniGUISessionManager]:Destroying Worker Threads.
Iposi.exe: 000030E8: 14:25:18 [TUniGUISessionManager]:Session manager terminated.
Iposi.exe: 000030E8: 14:25:18 [TUniWebSocketStack]:Terminating...
Iposi.exe: 000030E8: 14:25:18 [TUniGUIMessageQ]:Terminated.
Iposi.exe: 000030E8: 14:25:18 [TUniWebSocketStack]:Terminated.
Iposi.exe: 000030E8: 14:25:18 [TUniServerModule]:Server Shutdown Completed.
Iposi.exe: 000030E8: 14:25:18 []:<-------------------------------------------------------------->
Iposi.exe: 000030C4: 14:25:19 []:>--------------------------------------------------------------<
Iposi.exe: 000030C4: 14:25:19 [TUniServerModule]:Server First Init.
Iposi.exe: 000030C4: 14:25:19 [TUniServerModule]:Start Path = C:\yusag\PROJECTS\iposi\Win32\Debug\
Iposi.exe: 000030C4: 14:25:19 [TUniGUISessionManager]:Cache erase job created, Folder count: [1]
Iposi.exe: 000030C4: 14:25:19 [TUniServerModule]:Starting HTTP Server on Port: 8077...
Iposi.exe: 000030C4: 14:25:19 [TUniServerModule]:HTTP Server Started on Port: 8077
Iposi.exe: 00000BF0: 14:25:22 [127.0.0.1]:EUniSessionException : Invalid session or session Timeout. (Session not found: zfPw1C63mI1139F1555 ) : Addr: $00E3B18B
Iposi.exe: 00000BF0: 14:25:31 [127.0.0.1]:=== VERİTABANI BAĞLANTI HATASI ===
Iposi.exe: 00000BF0: 14:25:31 [127.0.0.1]:database is locked
Iposi.exe: 00000BF0: 14:25:32 [database is locked-127.0.0.1]:EUniError : database is locked : Addr: $00F776E8
Iposi.exe: 000030C4: 14:27:45 [TUniServerModule]:Shutting Down Server.
Iposi.exe: 000030C4: 14:27:45 [TUniServerModule]:Stopping HTTP Server.
Iposi.exe: 000030C4: 14:27:46 [TUniServerModule]:HTTP Server Stopped.
Iposi.exe: 000030C4: 14:27:46 [TUniGUISessionManager]:Terminating Session manager.
Iposi.exe: 000030C4: 14:27:46 [TUniGUISessionManager]:Stopping Cache Eraser...
Iposi.exe: 000030C4: 14:27:46 [TUniGUISessionManager]:Cache Eraser Stopped.
Iposi.exe: 000030C4: 14:27:46 [TUniGUISessionManager]:Destroying Worker Threads.
Iposi.exe: 000030C4: 14:27:46 [TUniGUISessionManager]:Session manager terminated.
Iposi.exe: 000030C4: 14:27:46 [TUniWebSocketStack]:Terminating...
Iposi.exe: 000030C4: 14:27:46 [TUniGUIMessageQ]:Terminated.
Iposi.exe: 000030C4: 14:27:46 [TUniWebSocketStack]:Terminated.
Iposi.exe: 000030C4: 14:27:46 [TUniServerModule]:Server Shutdown Completed.
Iposi.exe: 000030C4: 14:27:46 []:<-------------------------------------------------------------->
Iposi.exe: 00005390: 14:27:48 []:>--------------------------------------------------------------<
Iposi.exe: 00005390: 14:27:48 [TUniServerModule]:Server First Init.
Iposi.exe: 00005390: 14:27:48 [TUniServerModule]:Start Path = C:\yusag\PROJECTS\iposi\Win32\Debug\
Iposi.exe: 00005390: 14:27:48 [TUniGUISessionManager]:Cache erase job created, Folder count: [1]
Iposi.exe: 00005390: 14:27:48 [TUniServerModule]:Starting HTTP Server on Port: 8077...
Iposi.exe: 00005390: 14:27:48 [TUniServerModule]:HTTP Server Started on Port: 8077
Iposi.exe: 00003530: 14:27:53 [127.0.0.1]:EUniSessionException : Invalid session or session Timeout. (Session not found: vnEhUPRqEX1139F156A ) : Addr: $0078B18B
Iposi.exe: 00006294: 14:28:04 [127.0.0.1]:=== VERİTABANI BAĞLANTI HATASI ===
Iposi.exe: 00006294: 14:28:04 [127.0.0.1]:database is locked
Iposi.exe: 00006294: 14:28:05 [127.0.0.1]:EUniError : database is locked : Addr: $008C76E8
Iposi.exe: 00006230: 14:28:05 [127.0.0.1]:=== VERİTABANI BAĞLANTI HATASI ===
Iposi.exe: 00006230: 14:28:05 [127.0.0.1]:database is locked
Iposi.exe: 00006230: 14:28:05 [127.0.0.1]:EUniError : database is locked : Addr: $008C76E8
Iposi.exe: 00006294: 14:28:06 [127.0.0.1]:=== VERİTABANI BAĞLANTI HATASI ===
Iposi.exe: 00006294: 14:28:06 [127.0.0.1]:database is locked
Iposi.exe: 00006294: 14:28:06 [127.0.0.1]:EUniError : database is locked : Addr: $008C76E8
Iposi.exe: 00006230: 14:28:08 [127.0.0.1]:=== VERİTABANI BAĞLANTI HATASI ===
Iposi.exe: 00006230: 14:28:08 [127.0.0.1]:database is locked
Iposi.exe: 00006230: 14:28:08 [127.0.0.1]:EUniError : database is locked : Addr: $008C76E8
Iposi.exe: 000008F0: 14:28:28 [127.0.0.1]:=== VERİTABANI BAĞLANTI HATASI ===
Iposi.exe: 000008F0: 14:28:28 [127.0.0.1]:database is locked
Iposi.exe: 000008F0: 14:28:28 [127.0.0.1]:EUniError : database is locked : Addr: $008C76E8
Iposi.exe: 00005390: 14:31:19 [TUniServerModule]:Shutting Down Server.
Iposi.exe: 00005390: 14:31:19 [TUniServerModule]:Stopping HTTP Server.
Iposi.exe: 00005390: 14:31:20 [TUniServerModule]:HTTP Server Stopped.
Iposi.exe: 00005390: 14:31:20 [TUniGUISessionManager]:Terminating Session manager.
Iposi.exe: 00005390: 14:31:20 [TUniGUISessionManager]:Stopping Cache Eraser...
Iposi.exe: 00005390: 14:31:20 [TUniGUISessionManager]:Cache Eraser Stopped.
Iposi.exe: 00005390: 14:31:20 [TUniGUISessionManager]:Destroying Worker Threads.
Iposi.exe: 00005390: 14:31:20 [TUniGUISessionManager]:Session manager terminated.
Iposi.exe: 00005390: 14:31:20 [TUniWebSocketStack]:Terminating...
Iposi.exe: 00005390: 14:31:20 [TUniGUIMessageQ]:Terminated.
Iposi.exe: 00005390: 14:31:20 [TUniWebSocketStack]:Terminated.
Iposi.exe: 00005390: 14:31:20 [TUniServerModule]:Server Shutdown Completed.
Iposi.exe: 00005390: 14:31:20 []:<-------------------------------------------------------------->
Iposi.exe: 00006D6C: 14:31:23 []:>--------------------------------------------------------------<
Iposi.exe: 00006D6C: 14:31:23 [TUniServerModule]:Server First Init.
Iposi.exe: 00006D6C: 14:31:23 [TUniServerModule]:Start Path = C:\yusag\PROJECTS\iposi\Win32\Debug\
Iposi.exe: 00006D6C: 14:31:23 [TUniGUISessionManager]:Cache erase job created, Folder count: [5]
Iposi.exe: 00006D6C: 14:31:23 [TUniServerModule]:Starting HTTP Server on Port: 8077...
Iposi.exe: 00006D6C: 14:31:23 [TUniServerModule]:HTTP Server Started on Port: 8077
Iposi.exe: 00004F4C: 14:31:28 [127.0.0.1]:EUniSessionException : Invalid session or session Timeout. (Session not found: WZveAgpCzo1139F163E ) : Addr: $0104C52F
Iposi.exe: 00004F4C: 14:33:03 [127.0.0.1]:EUniError : database is locked : Addr: $01188A8C
Iposi.exe: 00004F4C: 14:33:20 [127.0.0.1]:=== VERİTABANI BAĞLANTI HATASI ===
Iposi.exe: 00004F4C: 14:33:20 [127.0.0.1]:database is locked
Iposi.exe: 00004F4C: 14:33:23 [127.0.0.1]:EUniError : database is locked : Addr: $01188A8C
Iposi.exe: 00004F4C: 14:33:27 [127.0.0.1]:=== VERİTABANI BAĞLANTI HATASI ===
Iposi.exe: 00004F4C: 14:33:27 [127.0.0.1]:database is locked
Iposi.exe: 00002CB0: 14:33:28 [127.0.0.1]:EUniError : database is locked : Addr: $01188A8C
Iposi.exe: 00006D6C: 14:33:58 [TUniServerModule]:Shutting Down Server.
Iposi.exe: 00006D6C: 14:33:58 [TUniServerModule]:Stopping HTTP Server.
Iposi.exe: 00006D6C: 14:33:59 [TUniServerModule]:HTTP Server Stopped.
Iposi.exe: 00006D6C: 14:33:59 [TUniGUISessionManager]:Terminating Session manager.
Iposi.exe: 00006D6C: 14:33:59 [TUniGUISessionManager]:Stopping Cache Eraser...
Iposi.exe: 00006D6C: 14:33:59 [TUniGUISessionManager]:Cache Eraser Stopped.
Iposi.exe: 00006D6C: 14:33:59 [TUniGUISessionManager]:Destroying Worker Threads.
Iposi.exe: 00006D6C: 14:33:59 [TUniGUISessionManager]:Session manager terminated.
Iposi.exe: 00006D6C: 14:33:59 [TUniWebSocketStack]:Terminating...
Iposi.exe: 00006D6C: 14:33:59 [TUniGUIMessageQ]:Terminated.
Iposi.exe: 00006D6C: 14:33:59 [TUniWebSocketStack]:Terminated.
Iposi.exe: 00006D6C: 14:33:59 [TUniServerModule]:Server Shutdown Completed.
Iposi.exe: 00006D6C: 14:33:59 []:<-------------------------------------------------------------->
Iposi.exe: 00003A70: 14:34:00 []:>--------------------------------------------------------------<
Iposi.exe: 00003A70: 14:34:00 [TUniServerModule]:Server First Init.
Iposi.exe: 00003A70: 14:34:00 [TUniServerModule]:Start Path = C:\yusag\PROJECTS\iposi\Win32\Debug\
Iposi.exe: 00003A70: 14:34:00 [TUniGUISessionManager]:Cache erase job created, Folder count: [1]
Iposi.exe: 00003A70: 14:34:00 [TUniServerModule]:Starting HTTP Server on Port: 8077...
Iposi.exe: 00003A70: 14:34:00 [TUniServerModule]:HTTP Server Started on Port: 8077
Iposi.exe: 0000546C: 14:34:01 [127.0.0.1]:EUniSessionException : Invalid session or session Timeout. (Session not found: YfGRWZzfoX1139F1791 ) : Addr: $0073C52F
Iposi.exe: 00002E74: 14:34:19 [127.0.0.1]:=== VERİTABANI BAĞLANTI HATASI ===
Iposi.exe: 00002E74: 14:34:19 [127.0.0.1]:database is locked
Iposi.exe: 00002E74: 14:34:19 [127.0.0.1]:EUniError : database is locked : Addr: $00878A8C
Iposi.exe: 00003274: 14:34:28 [HandleFileRequest[127.0.0.1]]:File not found: C:\yusag\PROJECTS\iposi\Win32\Debug\.well-known\appspecific\com.chrome.devtools.json
Iposi.exe: 00003A70: 14:44:04 [TUniServerModule]:Shutting Down Server.
Iposi.exe: 00003A70: 14:44:04 [TUniServerModule]:Stopping HTTP Server.
Iposi.exe: 00003A70: 14:44:04 [TUniServerModule]:HTTP Server Stopped.
Iposi.exe: 00003A70: 14:44:04 [TUniGUISessionManager]:Terminating Session manager.
Iposi.exe: 00003A70: 14:44:04 [TUniGUISessionManager]:Stopping Cache Eraser...
Iposi.exe: 00003A70: 14:44:04 [TUniGUISessionManager]:Cache Eraser Stopped.
Iposi.exe: 00003A70: 14:44:04 [TUniGUISessionManager]:Destroying Worker Threads.
Iposi.exe: 00003A70: 14:44:04 [TUniGUISessionManager]:Session manager terminated.
Iposi.exe: 00003A70: 14:44:04 [TUniWebSocketStack]:Terminating...
Iposi.exe: 00003A70: 14:44:04 [TUniGUIMessageQ]:Terminated.
Iposi.exe: 00003A70: 14:44:04 [TUniWebSocketStack]:Terminated.
Iposi.exe: 00003A70: 14:44:04 [TUniServerModule]:Server Shutdown Completed.
Iposi.exe: 00003A70: 14:44:04 []:<-------------------------------------------------------------->
Iposi.exe: 00006AF4: 14:44:07 []:>--------------------------------------------------------------<
Iposi.exe: 00006AF4: 14:44:07 [TUniServerModule]:Server First Init.
Iposi.exe: 00006AF4: 14:44:07 [TUniServerModule]:Start Path = C:\yusag\PROJECTS\iposi\Win32\Debug\
Iposi.exe: 00006AF4: 14:44:07 [TUniGUISessionManager]:Cache erase job created, Folder count: [1]
Iposi.exe: 00006AF4: 14:44:07 [TUniServerModule]:Starting HTTP Server on Port: 8077...
Iposi.exe: 00006AF4: 14:44:07 [TUniServerModule]:HTTP Server Started on Port: 8077
Iposi.exe: 00005DC4: 14:44:08 [127.0.0.1]:EUniSessionException : Invalid session or session Timeout. (Session not found: DD6jsC3Fls1139F17D1 ) : Addr: $00FDD683
Iposi.exe: 00007330: 14:44:08 [127.0.0.1]:EUniError : OLE DB error occurred. Code 800401F0h.
CoInitialize has not been called. : Addr: $01122B3C
Iposi.exe: 00007330: 14:44:08 [HandleFileRequest[127.0.0.1]]:File not found: C:\yusag\PROJECTS\iposi\Win32\Debug\favicon.ico
Iposi.exe: 00005DC4: 14:44:10 [127.0.0.1]:EUniError : OLE DB error occurred. Code 800401F0h.
CoInitialize has not been called. : Addr: $01122B3C
Iposi.exe: 00006AF4: 14:44:17 [TUniServerModule]:Shutting Down Server.
Iposi.exe: 00006AF4: 14:44:17 [TUniServerModule]:Stopping HTTP Server.
Iposi.exe: 00006AF4: 14:44:18 [TUniServerModule]:HTTP Server Stopped.
Iposi.exe: 00006AF4: 14:44:18 [TUniGUISessionManager]:Terminating Session manager.
Iposi.exe: 00006AF4: 14:44:18 [TUniGUISessionManager]:Stopping Cache Eraser...
Iposi.exe: 00006AF4: 14:44:18 [TUniGUISessionManager]:Cache Eraser Stopped.
Iposi.exe: 00006AF4: 14:44:18 [TUniGUISessionManager]:Destroying Worker Threads.
Iposi.exe: 00006AF4: 14:44:18 [TUniGUISessionManager]:Session manager terminated.
Iposi.exe: 00006AF4: 14:44:18 [TUniWebSocketStack]:Terminating...
Iposi.exe: 00006AF4: 14:44:18 [TUniGUIMessageQ]:Terminated.
Iposi.exe: 00006AF4: 14:44:18 [TUniWebSocketStack]:Terminated.
Iposi.exe: 00006AF4: 14:44:18 [TUniServerModule]:Server Shutdown Completed.
Iposi.exe: 00006AF4: 14:44:18 []:<-------------------------------------------------------------->
Iposi.exe: 00006DF8: 14:44:19 []:>--------------------------------------------------------------<
Iposi.exe: 00006DF8: 14:44:19 [TUniServerModule]:Server First Init.
Iposi.exe: 00006DF8: 14:44:19 [TUniServerModule]:Start Path = C:\yusag\PROJECTS\iposi\Win32\Debug\
Iposi.exe: 00006DF8: 14:44:19 [TUniGUISessionManager]:Cache erase job created, Folder count: [2]
Iposi.exe: 00006DF8: 14:44:19 [TUniServerModule]:Starting HTTP Server on Port: 8077...
Iposi.exe: 00006DF8: 14:44:19 [TUniServerModule]:HTTP Server Started on Port: 8077
Iposi.exe: 00001D38: 14:44:21 [127.0.0.1]:EUniError : 'datetime' tanınan bir yerleşik fonksiyon adı değil. : Addr: $01492B3C
Iposi.exe: 00006DF8: 14:46:54 [TUniServerModule]:Shutting Down Server.
Iposi.exe: 00006DF8: 14:46:54 [TUniServerModule]:Stopping HTTP Server.
Iposi.exe: 00006DF8: 14:46:55 [TUniServerModule]:HTTP Server Stopped.
Iposi.exe: 00006DF8: 14:46:55 [TUniGUISessionManager]:Terminating Session manager.
Iposi.exe: 00006DF8: 14:46:55 [TUniGUISessionManager]:Stopping Cache Eraser...
Iposi.exe: 00006DF8: 14:46:55 [TUniGUISessionManager]:Cache Eraser Stopped.
Iposi.exe: 00006DF8: 14:46:55 [TUniGUISessionManager]:Destroying Worker Threads.
Iposi.exe: 00006DF8: 14:46:55 [TUniGUISessionManager]:Session manager terminated.
Iposi.exe: 00006DF8: 14:46:55 [TUniWebSocketStack]:Terminating...
Iposi.exe: 00006DF8: 14:46:55 [TUniGUIMessageQ]:Terminated.
Iposi.exe: 00006DF8: 14:46:55 [TUniWebSocketStack]:Terminated.
Iposi.exe: 00006DF8: 14:46:55 [TUniServerModule]:Server Shutdown Completed.
Iposi.exe: 00006DF8: 14:46:55 []:<-------------------------------------------------------------->
Iposi.exe: 000071C0: 14:46:56 []:>--------------------------------------------------------------<
Iposi.exe: 000071C0: 14:46:56 [TUniServerModule]:Server First Init.
Iposi.exe: 000071C0: 14:46:56 [TUniServerModule]:Start Path = C:\yusag\PROJECTS\iposi\Win32\Debug\
Iposi.exe: 000071C0: 14:46:56 [TUniGUISessionManager]:Cache erase job created, Folder count: [1]
Iposi.exe: 000071C0: 14:46:56 [TUniServerModule]:Starting HTTP Server on Port: 8077...
Iposi.exe: 000071C0: 14:46:56 [TUniServerModule]:HTTP Server Started on Port: 8077
Iposi.exe: 00007020: 14:46:58 [127.0.0.1]:EUniSessionException : Invalid session or session Timeout. (Session not found: 3vRfYgFSOE1139F1A84 ) : Addr: $004DD683
Iposi.exe: 00000B04: 14:46:59 [127.0.0.1]:EUniError : 'datetime' tanınan bir yerleşik fonksiyon adı değil. : Addr: $00622B3C
Iposi.exe: 00003438: 14:47:04 [127.0.0.1]:EUniError : 'datetime' tanınan bir yerleşik fonksiyon adı değil. : Addr: $00622B3C
Iposi.exe: 000071C0: 14:48:05 [TUniServerModule]:Shutting Down Server.
Iposi.exe: 000071C0: 14:48:05 [TUniServerModule]:Stopping HTTP Server.
Iposi.exe: 000071C0: 14:48:06 [TUniServerModule]:HTTP Server Stopped.
Iposi.exe: 000071C0: 14:48:06 [TUniGUISessionManager]:Terminating Session manager.
Iposi.exe: 000071C0: 14:48:06 [TUniGUISessionManager]:Stopping Cache Eraser...
Iposi.exe: 000071C0: 14:48:06 [TUniGUISessionManager]:Cache Eraser Stopped.
Iposi.exe: 000071C0: 14:48:06 [TUniGUISessionManager]:Destroying Worker Threads.
Iposi.exe: 000071C0: 14:48:06 [TUniGUISessionManager]:Session manager terminated.
Iposi.exe: 000071C0: 14:48:06 [TUniWebSocketStack]:Terminating...
Iposi.exe: 000071C0: 14:48:06 [TUniGUIMessageQ]:Terminated.
Iposi.exe: 000071C0: 14:48:06 [TUniWebSocketStack]:Terminated.
Iposi.exe: 000071C0: 14:48:06 [TUniServerModule]:Server Shutdown Completed.
Iposi.exe: 000071C0: 14:48:06 []:<-------------------------------------------------------------->
Iposi.exe: 00006694: 14:48:14 []:>--------------------------------------------------------------<
Iposi.exe: 00006694: 14:48:14 [TUniServerModule]:Server First Init.
Iposi.exe: 00006694: 14:48:14 [TUniServerModule]:Start Path = C:\yusag\PROJECTS\iposi\Win32\Debug\
Iposi.exe: 00006694: 14:48:14 [TUniGUISessionManager]:Cache erase job created, Folder count: [1]
Iposi.exe: 00006694: 14:48:14 [TUniServerModule]:Starting HTTP Server on Port: 8077...
Iposi.exe: 00006694: 14:48:14 [TUniServerModule]:HTTP Server Started on Port: 8077
Iposi.exe: 00005BDC: 14:48:15 [127.0.0.1]:EUniSessionException : Invalid session or session Timeout. (Session not found: rGslfa1BLS1139F1B41 ) : Addr: $00B1D683
Iposi.exe: 00006694: 15:09:31 [TUniServerModule]:Shutting Down Server.
Iposi.exe: 00006694: 15:09:31 [TUniServerModule]:Stopping HTTP Server.
Iposi.exe: 00006694: 15:09:31 [TUniServerModule]:HTTP Server Stopped.
Iposi.exe: 00006694: 15:09:31 [TUniGUISessionManager]:Terminating Session manager.
Iposi.exe: 00006694: 15:09:31 [TUniGUISessionManager]:Stopping Cache Eraser...
Iposi.exe: 00006694: 15:09:31 [TUniGUISessionManager]:Cache Eraser Stopped.
Iposi.exe: 00006694: 15:09:31 [TUniGUISessionManager]:Destroying Worker Threads.
Iposi.exe: 00006694: 15:09:31 [TUniGUISessionManager]:Session manager terminated.
Iposi.exe: 00006694: 15:09:31 [TUniWebSocketStack]:Terminating...
Iposi.exe: 00006694: 15:09:31 [TUniGUIMessageQ]:Terminated.
Iposi.exe: 00006694: 15:09:31 [TUniWebSocketStack]:Terminated.
Iposi.exe: 00006694: 15:09:31 [TUniServerModule]:Server Shutdown Completed.
Iposi.exe: 00006694: 15:09:31 []:<-------------------------------------------------------------->
Iposi.exe: 00007188: 15:09:33 []:>--------------------------------------------------------------<
Iposi.exe: 00007188: 15:09:33 [TUniServerModule]:Server First Init.
Iposi.exe: 00007188: 15:09:33 [TUniServerModule]:Start Path = C:\yusag\PROJECTS\iposi\Win32\Debug\
Iposi.exe: 00007188: 15:09:33 [TUniGUISessionManager]:Cache erase job created, Folder count: [1]
Iposi.exe: 00007188: 15:09:33 [TUniServerModule]:Starting HTTP Server on Port: 8077...
Iposi.exe: 00007188: 15:09:33 [TUniServerModule]:HTTP Server Started on Port: 8077
Iposi.exe: 00007388: 15:09:36 [127.0.0.1]:EUniSessionException : Invalid session or session Timeout. (Session not found: ELulsujObL1139F1F01 ) : Addr: $0061D683
Iposi.exe: 00001FA8: 15:09:41 [HandleFileRequest[127.0.0.1]]:File not found: C:\yusag\PROJECTS\iposi\Win32\Debug\.well-known\appspecific\com.chrome.devtools.json
Iposi.exe: 00007188: 15:09:51 [TUniServerModule]:Shutting Down Server.
Iposi.exe: 00007188: 15:09:51 [TUniServerModule]:Stopping HTTP Server.
Iposi.exe: 00007188: 15:09:52 [TUniServerModule]:HTTP Server Stopped.
Iposi.exe: 00007188: 15:09:52 [TUniGUISessionManager]:Terminating Session manager.
Iposi.exe: 00007188: 15:09:52 [TUniGUISessionManager]:Stopping Cache Eraser...
Iposi.exe: 00007188: 15:09:52 [TUniGUISessionManager]:Cache Eraser Stopped.
Iposi.exe: 00007188: 15:09:52 [TUniGUISessionManager]:Destroying Worker Threads.
Iposi.exe: 00007188: 15:09:52 [TUniGUISessionManager]:Session manager terminated.
Iposi.exe: 00007188: 15:09:52 [TUniWebSocketStack]:Terminating...
Iposi.exe: 00007188: 15:09:52 [TUniGUIMessageQ]:Terminated.
Iposi.exe: 00007188: 15:09:52 [TUniWebSocketStack]:Terminated.
Iposi.exe: 00007188: 15:09:52 [TUniServerModule]:Server Shutdown Completed.
Iposi.exe: 00007188: 15:09:52 []:<-------------------------------------------------------------->
Iposi.exe: 00001760: 15:09:53 []:>--------------------------------------------------------------<
Iposi.exe: 00001760: 15:09:53 [TUniServerModule]:Server First Init.
Iposi.exe: 00001760: 15:09:53 [TUniServerModule]:Start Path = C:\yusag\PROJECTS\iposi\Win32\Debug\
Iposi.exe: 00001760: 15:09:53 [TUniGUISessionManager]:Cache erase job created, Folder count: [1]
Iposi.exe: 00001760: 15:09:53 [TUniServerModule]:Starting HTTP Server on Port: 8077...
Iposi.exe: 00001760: 15:09:53 [TUniServerModule]:HTTP Server Started on Port: 8077
Iposi.exe: 0000719C: 15:09:54 [127.0.0.1]:EUniSessionException : Invalid session or session Timeout. (Session not found: MbOYVaTW9C1139F2160 ) : Addr: $007CD683
Iposi.exe: 0000719C: 15:09:54 [HandleFileRequest[127.0.0.1]]:File not found: C:\yusag\PROJECTS\iposi\Win32\Debug\.well-known\appspecific\com.chrome.devtools.json
Iposi.exe: 00001760: 15:10:14 [TUniServerModule]:Shutting Down Server.
Iposi.exe: 00001760: 15:10:14 [TUniServerModule]:Stopping HTTP Server.
Iposi.exe: 00001760: 15:10:15 [TUniServerModule]:HTTP Server Stopped.
Iposi.exe: 00001760: 15:10:15 [TUniGUISessionManager]:Terminating Session manager.
Iposi.exe: 00001760: 15:10:15 [TUniGUISessionManager]:Stopping Cache Eraser...
Iposi.exe: 00001760: 15:10:15 [TUniGUISessionManager]:Cache Eraser Stopped.
Iposi.exe: 00001760: 15:10:15 [TUniGUISessionManager]:Destroying Worker Threads.
Iposi.exe: 00001760: 15:10:15 [TUniGUISessionManager]:Session manager terminated.
Iposi.exe: 00001760: 15:10:15 [TUniWebSocketStack]:Terminating...
Iposi.exe: 00001760: 15:10:15 [TUniGUIMessageQ]:Terminated.
Iposi.exe: 00001760: 15:10:15 [TUniWebSocketStack]:Terminated.
Iposi.exe: 00001760: 15:10:15 [TUniServerModule]:Server Shutdown Completed.
Iposi.exe: 00001760: 15:10:15 []:<-------------------------------------------------------------->
Iposi.exe: 00007210: 15:10:16 []:>--------------------------------------------------------------<
Iposi.exe: 00007210: 15:10:16 [TUniServerModule]:Server First Init.
Iposi.exe: 00007210: 15:10:16 [TUniServerModule]:Start Path = C:\yusag\PROJECTS\iposi\Win32\Debug\
Iposi.exe: 00007210: 15:10:16 [TUniGUISessionManager]:Cache erase job created, Folder count: [1]
Iposi.exe: 00007210: 15:10:16 [TUniServerModule]:Starting HTTP Server on Port: 8077...
Iposi.exe: 00007210: 15:10:16 [TUniServerModule]:HTTP Server Started on Port: 8077
Iposi.exe: 00006A68: 15:10:17 [127.0.0.1]:EUniSessionException : Invalid session or session Timeout. (Session not found: FKXzSXeo1S1139F2176 ) : Addr: $0132D683
Iposi.exe: 000015CC: 15:30:16 [HandleFileRequest[127.0.0.1]]:File not found: C:\yusag\PROJECTS\iposi\Win32\Debug\.well-known\appspecific\com.chrome.devtools.json
Iposi.exe: 00002C60: 15:31:54 [HandleFileRequest[127.0.0.1]]:File not found: C:\yusag\PROJECTS\iposi\Win32\Debug\.well-known\appspecific\com.chrome.devtools.json
Iposi.exe: 0000705C: 15:53:25 [HandleFileRequest[127.0.0.1]]:File not found: C:\yusag\PROJECTS\iposi\Win32\Debug\.well-known\appspecific\com.chrome.devtools.json
Iposi.exe: 00007210: 15:56:20 [TUniServerModule]:Shutting Down Server.
Iposi.exe: 00007210: 15:56:20 [TUniServerModule]:Stopping HTTP Server.
Iposi.exe: 00007210: 15:56:21 [TUniServerModule]:HTTP Server Stopped.
Iposi.exe: 00007210: 15:56:21 [TUniGUISessionManager]:Terminating Session manager.
Iposi.exe: 00007210: 15:56:21 [TUniGUISessionManager]:Stopping Cache Eraser...
Iposi.exe: 00007210: 15:56:21 [TUniGUISessionManager]:Cache Eraser Stopped.
Iposi.exe: 00007210: 15:56:21 [TUniGUISessionManager]:Destroying Worker Threads.
Iposi.exe: 00007210: 15:56:21 [TUniGUISessionManager]:Session manager terminated.
Iposi.exe: 00007210: 15:56:21 [TUniWebSocketStack]:Terminating...
Iposi.exe: 00007210: 15:56:21 [TUniGUIMessageQ]:Terminated.
Iposi.exe: 00007210: 15:56:21 [TUniWebSocketStack]:Terminated.
Iposi.exe: 00007210: 15:56:21 [TUniServerModule]:Server Shutdown Completed.
Iposi.exe: 00007210: 15:56:21 []:<-------------------------------------------------------------->
Iposi.exe: 000056FC: 15:56:22 []:>--------------------------------------------------------------<
Iposi.exe: 000056FC: 15:56:22 [TUniServerModule]:Server First Init.
Iposi.exe: 000056FC: 15:56:22 [TUniServerModule]:Start Path = C:\yusag\PROJECTS\iposi\Win32\Debug\
Iposi.exe: 000056FC: 15:56:22 [TUniGUISessionManager]:Cache erase job created, Folder count: [1]
Iposi.exe: 000056FC: 15:56:22 [TUniServerModule]:Starting HTTP Server on Port: 8077...
Iposi.exe: 000056FC: 15:56:22 [TUniServerModule]:HTTP Server Started on Port: 8077
Iposi.exe: 00003334: 15:56:25 [127.0.0.1]:EUniSessionException : Invalid session or session Timeout. (Session not found: HiekRixMXs1139F2CDE ) : Addr: $00FDD6A7
Iposi.exe: 000056FC: 16:04:10 [TUniServerModule]:Shutting Down Server.
Iposi.exe: 000056FC: 16:04:10 [TUniServerModule]:Stopping HTTP Server.
Iposi.exe: 000056FC: 16:04:11 [TUniServerModule]:HTTP Server Stopped.
Iposi.exe: 000056FC: 16:04:11 [TUniGUISessionManager]:Terminating Session manager.
Iposi.exe: 000056FC: 16:04:11 [TUniGUISessionManager]:Stopping Cache Eraser...
Iposi.exe: 000056FC: 16:04:11 [TUniGUISessionManager]:Cache Eraser Stopped.
Iposi.exe: 000056FC: 16:04:11 [TUniGUISessionManager]:Destroying Worker Threads.
Iposi.exe: 000056FC: 16:04:11 [TUniGUISessionManager]:Session manager terminated.
Iposi.exe: 000056FC: 16:04:11 [TUniWebSocketStack]:Terminating...
Iposi.exe: 000056FC: 16:04:11 [TUniGUIMessageQ]:Terminated.
Iposi.exe: 000056FC: 16:04:11 [TUniWebSocketStack]:Terminated.
Iposi.exe: 000056FC: 16:04:11 [TUniServerModule]:Server Shutdown Completed.
Iposi.exe: 000056FC: 16:04:11 []:<-------------------------------------------------------------->
Iposi.exe: 00000AF8: 16:04:13 []:>--------------------------------------------------------------<
Iposi.exe: 00000AF8: 16:04:13 [TUniServerModule]:Server First Init.
Iposi.exe: 00000AF8: 16:04:13 [TUniServerModule]:Start Path = C:\yusag\PROJECTS\iposi\Win32\Debug\
Iposi.exe: 00000AF8: 16:04:13 [TUniGUISessionManager]:Cache erase job created, Folder count: [1]
Iposi.exe: 00000AF8: 16:04:13 [TUniServerModule]:Starting HTTP Server on Port: 8077...
Iposi.exe: 00000AF8: 16:04:13 [TUniServerModule]:HTTP Server Started on Port: 8077
Iposi.exe: 00001C50: 16:04:15 [127.0.0.1]:EUniSessionException : Invalid session or session Timeout. (Session not found: TZ9nqvYHt41139F2E14 ) : Addr: $00604B23
Iposi.exe: 00000AF8: 16:07:21 [TUniServerModule]:Shutting Down Server.
Iposi.exe: 00000AF8: 16:07:21 [TUniServerModule]:Stopping HTTP Server.
Iposi.exe: 00000AF8: 16:07:22 [TUniServerModule]:HTTP Server Stopped.
Iposi.exe: 00000AF8: 16:07:22 [TUniGUISessionManager]:Terminating Session manager.
Iposi.exe: 00000AF8: 16:07:22 [TUniGUISessionManager]:Stopping Cache Eraser...
Iposi.exe: 00000AF8: 16:07:22 [TUniGUISessionManager]:Cache Eraser Stopped.
Iposi.exe: 00000AF8: 16:07:22 [TUniGUISessionManager]:Destroying Worker Threads.
Iposi.exe: 00000AF8: 16:07:22 [TUniGUISessionManager]:Session manager terminated.
Iposi.exe: 00000AF8: 16:07:22 [TUniWebSocketStack]:Terminating...
Iposi.exe: 00000AF8: 16:07:23 [TUniGUIMessageQ]:Terminated.
Iposi.exe: 00000AF8: 16:07:23 [TUniWebSocketStack]:Terminated.
Iposi.exe: 00000AF8: 16:07:23 [TUniServerModule]:Server Shutdown Completed.
Iposi.exe: 00000AF8: 16:07:23 []:<-------------------------------------------------------------->
Iposi.exe: 000018E8: 16:07:24 []:>--------------------------------------------------------------<
Iposi.exe: 000018E8: 16:07:24 [TUniServerModule]:Server First Init.
Iposi.exe: 000018E8: 16:07:24 [TUniServerModule]:Start Path = C:\yusag\PROJECTS\iposi\Win32\Debug\
Iposi.exe: 000018E8: 16:07:24 [TUniGUISessionManager]:Cache erase job created, Folder count: [1]
Iposi.exe: 000018E8: 16:07:24 [TUniServerModule]:Starting HTTP Server on Port: 8077...
Iposi.exe: 000018E8: 16:07:24 [TUniServerModule]:HTTP Server Started on Port: 8077
Iposi.exe: 00005C68: 16:07:29 [127.0.0.1]:EUniSessionException : Invalid session or session Timeout. (Session not found: xI1OowJKTe1139F3033 ) : Addr: $00F84B23
Iposi.exe: 00005C68: 16:07:53 [HandleFileRequest[127.0.0.1]]:File not found: C:\yusag\PROJECTS\iposi\Win32\Debug\.well-known\appspecific\com.chrome.devtools.json
Iposi.exe: 000018E8: 16:10:56 [TUniServerModule]:Shutting Down Server.
Iposi.exe: 000018E8: 16:10:56 [TUniServerModule]:Stopping HTTP Server.
Iposi.exe: 000018E8: 16:10:57 [TUniServerModule]:HTTP Server Stopped.
Iposi.exe: 000018E8: 16:10:57 [TUniGUISessionManager]:Terminating Session manager.
Iposi.exe: 000018E8: 16:10:57 [TUniGUISessionManager]:Stopping Cache Eraser...
Iposi.exe: 000018E8: 16:10:57 [TUniGUISessionManager]:Cache Eraser Stopped.
Iposi.exe: 000018E8: 16:10:57 [TUniGUISessionManager]:Destroying Worker Threads.
Iposi.exe: 000018E8: 16:10:57 [TUniGUISessionManager]:Session manager terminated.
Iposi.exe: 000018E8: 16:10:57 [TUniWebSocketStack]:Terminating...
Iposi.exe: 000018E8: 16:10:57 [TUniGUIMessageQ]:Terminated.
Iposi.exe: 000018E8: 16:10:57 [TUniWebSocketStack]:Terminated.
Iposi.exe: 000018E8: 16:10:57 [TUniServerModule]:Server Shutdown Completed.
Iposi.exe: 000018E8: 16:10:57 []:<-------------------------------------------------------------->
Iposi.exe: 0000247C: 16:10:58 []:>--------------------------------------------------------------<
Iposi.exe: 0000247C: 16:10:58 [TUniServerModule]:Server First Init.
Iposi.exe: 0000247C: 16:10:58 [TUniServerModule]:Start Path = C:\yusag\PROJECTS\iposi\Win32\Debug\
Iposi.exe: 0000247C: 16:10:58 [TUniGUISessionManager]:Cache erase job created, Folder count: [1]
Iposi.exe: 0000247C: 16:10:58 [TUniServerModule]:Starting HTTP Server on Port: 8077...
Iposi.exe: 0000247C: 16:10:58 [TUniServerModule]:HTTP Server Started on Port: 8077
Iposi.exe: 00005218: 16:11:01 [127.0.0.1]:EUniSessionException : Invalid session or session Timeout. (Session not found: zkvw6ns2Ao1139F3113 ) : Addr: $00F84B23
Iposi.exe: 0000247C: 16:49:08 [TUniServerModule]:Shutting Down Server.
Iposi.exe: 0000247C: 16:49:08 [TUniServerModule]:Stopping HTTP Server.
Iposi.exe: 0000247C: 16:49:08 [TUniServerModule]:HTTP Server Stopped.
Iposi.exe: 0000247C: 16:49:08 [TUniGUISessionManager]:Terminating Session manager.
Iposi.exe: 0000247C: 16:49:08 [TUniGUISessionManager]:Stopping Cache Eraser...
Iposi.exe: 0000247C: 16:49:08 [TUniGUISessionManager]:Cache Eraser Stopped.
Iposi.exe: 0000247C: 16:49:08 [TUniGUISessionManager]:Destroying Worker Threads.
Iposi.exe: 0000247C: 16:49:08 [TUniGUISessionManager]:Session manager terminated.
Iposi.exe: 0000247C: 16:49:08 [TUniWebSocketStack]:Terminating...
Iposi.exe: 0000247C: 16:49:08 [TUniGUIMessageQ]:Terminated.
Iposi.exe: 0000247C: 16:49:08 [TUniWebSocketStack]:Terminated.
Iposi.exe: 0000247C: 16:49:08 [TUniServerModule]:Server Shutdown Completed.
Iposi.exe: 0000247C: 16:49:08 []:<-------------------------------------------------------------->
